Archive member included to satisfy reference by file (symbol)

/usr/lib/gcc/arm-none-eabi/14.2.1/thumb/v6-m/nofp/libgcc.a(_dvmd_tls.o)
                              CMakeFiles/mpu6050_reader.dir/home/pi/pico-sdk/src/rp2_common/pico_divider/divider_hardware.S.o (__aeabi_idiv0)
/usr/lib/gcc/arm-none-eabi/14.2.1/../../../arm-none-eabi/lib/thumb/v6-m/nofp/libg.a(libc_a-strlen-stub.o)
                              CMakeFiles/mpu6050_reader.dir/home/pi/pico-sdk/src/rp2_common/pico_stdio/stdio.c.o (strlen)
/usr/lib/gcc/arm-none-eabi/14.2.1/../../../arm-none-eabi/lib/thumb/v6-m/nofp/libg.a(libc_a-calloc.o)
                              CMakeFiles/mpu6050_reader.dir/home/pi/pico-sdk/src/rp2_common/pico_malloc/malloc.c.o (calloc)
/usr/lib/gcc/arm-none-eabi/14.2.1/../../../arm-none-eabi/lib/thumb/v6-m/nofp/libg.a(libc_a-callocr.o)
                              /usr/lib/gcc/arm-none-eabi/14.2.1/../../../arm-none-eabi/lib/thumb/v6-m/nofp/libg.a(libc_a-calloc.o) (_calloc_r)
/usr/lib/gcc/arm-none-eabi/14.2.1/../../../arm-none-eabi/lib/thumb/v6-m/nofp/libg.a(libc_a-realloc.o)
                              CMakeFiles/mpu6050_reader.dir/home/pi/pico-sdk/src/rp2_common/pico_malloc/malloc.c.o (realloc)
/usr/lib/gcc/arm-none-eabi/14.2.1/../../../arm-none-eabi/lib/thumb/v6-m/nofp/libg.a(libc_a-mallocr.o)
                              /usr/lib/gcc/arm-none-eabi/14.2.1/../../../arm-none-eabi/lib/thumb/v6-m/nofp/libg.a(libc_a-callocr.o) (_malloc_r)
/usr/lib/gcc/arm-none-eabi/14.2.1/../../../arm-none-eabi/lib/thumb/v6-m/nofp/libg.a(libc_a-freer.o)
                              /usr/lib/gcc/arm-none-eabi/14.2.1/../../../arm-none-eabi/lib/thumb/v6-m/nofp/libg.a(libc_a-mallocr.o) (_free_r)
/usr/lib/gcc/arm-none-eabi/14.2.1/../../../arm-none-eabi/lib/thumb/v6-m/nofp/libg.a(libc_a-memcmp.o)
                              CMakeFiles/mpu6050_reader.dir/home/pi/pico-sdk/src/rp2_common/pico_atomic/atomic.c.o (memcmp)
/usr/lib/gcc/arm-none-eabi/14.2.1/../../../arm-none-eabi/lib/thumb/v6-m/nofp/libg.a(libc_a-errno.o)
                              /usr/lib/gcc/arm-none-eabi/14.2.1/../../../arm-none-eabi/lib/thumb/v6-m/nofp/libg.a(libc_a-callocr.o) (__errno)
/usr/lib/gcc/arm-none-eabi/14.2.1/../../../arm-none-eabi/lib/thumb/v6-m/nofp/libg.a(libc_a-malloc.o)
                              CMakeFiles/mpu6050_reader.dir/home/pi/pico-sdk/src/rp2_common/pico_malloc/malloc.c.o (malloc)
/usr/lib/gcc/arm-none-eabi/14.2.1/../../../arm-none-eabi/lib/thumb/v6-m/nofp/libg.a(libc_a-reallocr.o)
                              /usr/lib/gcc/arm-none-eabi/14.2.1/../../../arm-none-eabi/lib/thumb/v6-m/nofp/libg.a(libc_a-realloc.o) (_realloc_r)
/usr/lib/gcc/arm-none-eabi/14.2.1/../../../arm-none-eabi/lib/thumb/v6-m/nofp/libg.a(libc_a-mktime.o)
                              CMakeFiles/mpu6050_reader.dir/home/pi/pico-sdk/src/common/pico_util/datetime.c.o (mktime)
/usr/lib/gcc/arm-none-eabi/14.2.1/../../../arm-none-eabi/lib/thumb/v6-m/nofp/libg.a(libc_a-mlock.o)
                              /usr/lib/gcc/arm-none-eabi/14.2.1/../../../arm-none-eabi/lib/thumb/v6-m/nofp/libg.a(libc_a-mallocr.o) (__malloc_lock)
/usr/lib/gcc/arm-none-eabi/14.2.1/../../../arm-none-eabi/lib/thumb/v6-m/nofp/libg.a(libc_a-tzlock.o)
                              /usr/lib/gcc/arm-none-eabi/14.2.1/../../../arm-none-eabi/lib/thumb/v6-m/nofp/libg.a(libc_a-mktime.o) (__tz_lock)
/usr/lib/gcc/arm-none-eabi/14.2.1/../../../arm-none-eabi/lib/thumb/v6-m/nofp/libg.a(libc_a-sbrkr.o)
                              /usr/lib/gcc/arm-none-eabi/14.2.1/../../../arm-none-eabi/lib/thumb/v6-m/nofp/libg.a(libc_a-mallocr.o) (_sbrk_r)
/usr/lib/gcc/arm-none-eabi/14.2.1/../../../arm-none-eabi/lib/thumb/v6-m/nofp/libg.a(libc_a-lcltime_r.o)
                              CMakeFiles/mpu6050_reader.dir/home/pi/pico-sdk/src/common/pico_util/datetime.c.o (localtime_r)
/usr/lib/gcc/arm-none-eabi/14.2.1/../../../arm-none-eabi/lib/thumb/v6-m/nofp/libg.a(libc_a-impure.o)
                              /usr/lib/gcc/arm-none-eabi/14.2.1/../../../arm-none-eabi/lib/thumb/v6-m/nofp/libg.a(libc_a-calloc.o) (_impure_ptr)
/usr/lib/gcc/arm-none-eabi/14.2.1/../../../arm-none-eabi/lib/thumb/v6-m/nofp/libg.a(libc_a-div.o)
                              /usr/lib/gcc/arm-none-eabi/14.2.1/../../../arm-none-eabi/lib/thumb/v6-m/nofp/libg.a(libc_a-mktime.o) (div)
/usr/lib/gcc/arm-none-eabi/14.2.1/../../../arm-none-eabi/lib/thumb/v6-m/nofp/libg.a(libc_a-memmove.o)
                              /usr/lib/gcc/arm-none-eabi/14.2.1/../../../arm-none-eabi/lib/thumb/v6-m/nofp/libg.a(libc_a-reallocr.o) (memmove)
/usr/lib/gcc/arm-none-eabi/14.2.1/../../../arm-none-eabi/lib/thumb/v6-m/nofp/libg.a(libc_a-findfp.o)
                              /usr/lib/gcc/arm-none-eabi/14.2.1/../../../arm-none-eabi/lib/thumb/v6-m/nofp/libg.a(libc_a-impure.o) (__sf)
/usr/lib/gcc/arm-none-eabi/14.2.1/../../../arm-none-eabi/lib/thumb/v6-m/nofp/libg.a(libc_a-sysconf.o)
[...]
Memory Configuration

Name             Origin             Length             Attributes
FLASH            0x10000000         0x00200000         xr
XIP_RAM          0x15000000         0x00004000         xrw
RAM              0x20000000         0x00040000         xrw
SCRATCH_X        0x20040000         0x00001000         xrw
SCRATCH_Y        0x20041000         0x00001000         xrw
*default*        0x00000000         0xffffffff

Linker script and memory map

                0x20000000                        RAM_ORIGIN_DEFAULT = 0x20000000
                0x00040000                        RAM_LENGTH_DEFAULT = 0x40000
                0x20040000                        SCRATCH_X_ORIGIN_DEFAULT = 0x20040000
                0x00001000                        SCRATCH_X_LENGTH_DEFAULT = 0x1000
                0x20041000                        SCRATCH_Y_ORIGIN_DEFAULT = 0x20041000
                0x00001000                        SCRATCH_Y_LENGTH_DEFAULT = 0x1000
                0x15000000                        XIP_RAM_ORIGIN_DEFAULT = 0x15000000
                0x00004000                        XIP_RAM_LENGTH_DEFAULT = 0x4000
LOAD CMakeFiles/mpu6050_reader.dir/i2c.c.o
LOAD CMakeFiles/mpu6050_reader.dir/home/pi/pico-sdk/src/rp2_common/pico_stdlib/stdlib.c.o
LOAD CMakeFiles/mpu6050_reader.dir/home/pi/pico-sdk/src/rp2_common/hardware_gpio/gpio.c.o
LOAD CMakeFiles/mpu6050_reader.dir/home/pi/pico-sdk/src/rp2040/pico_platform/platform.c.o
LOAD CMakeFiles/mpu6050_reader.dir/home/pi/pico-sdk/src/rp2_common/pico_platform_common/common.c.o
LOAD CMakeFiles/mpu6050_reader.dir/home/pi/pico-sdk/src/rp2_common/pico_platform_panic/panic.c.o
LOAD CMakeFiles/mpu6050_reader.dir/home/pi/pico-sdk/src/rp2_common/pico_platform_panic/custom_panic_function.S.o
LOAD CMakeFiles/mpu6050_reader.dir/home/pi/pico-sdk/src/common/hardware_claim/claim.c.o
LOAD CMakeFiles/mpu6050_reader.dir/home/pi/pico-sdk/src/rp2_common/hardware_sync/sync.c.o
LOAD CMakeFiles/mpu6050_reader.dir/home/pi/pico-sdk/src/rp2_common/hardware_sync_spin_lock/sync_spin_lock.c.o
LOAD CMakeFiles/mpu6050_reader.dir/home/pi/pico-sdk/src/rp2_common/hardware_irq/irq.c.o
LOAD CMakeFiles/mpu6050_reader.dir/home/pi/pico-sdk/src/rp2_common/hardware_irq/irq_handler_chain.S.o
LOAD CMakeFiles/mpu6050_reader.dir/home/pi/pico-sdk/src/common/pico_sync/sem.c.o
LOAD CMakeFiles/mpu6050_reader.dir/home/pi/pico-sdk/src/common/pico_sync/lock_core.c.o
LOAD CMakeFiles/mpu6050_reader.dir/home/pi/pico-sdk/src/common/pico_sync/mutex.c.o
LOAD CMakeFiles/mpu6050_reader.dir/home/pi/pico-sdk/src/common/pico_sync/critical_section.c.o
LOAD CMakeFiles/mpu6050_reader.dir/home/pi/pico-sdk/src/common/pico_time/time.c.o
LOAD CMakeFiles/mpu6050_reader.dir/home/pi/pico-sdk/src/common/pico_time/timeout_helper.c.o
LOAD CMakeFiles/mpu6050_reader.dir/home/pi/pico-sdk/src/rp2_common/hardware_timer/timer.c.o
LOAD CMakeFiles/mpu6050_reader.dir/home/pi/pico-sdk/src/common/pico_util/datetime.c.o
LOAD CMakeFiles/mpu6050_reader.dir/home/pi/pico-sdk/src/common/pico_util/fixed_bitset.c.o
LOAD CMakeFiles/mpu6050_reader.dir/home/pi/pico-sdk/src/common/pico_util/pheap.c.o
LOAD CMakeFiles/mpu6050_reader.dir/home/pi/pico-sdk/src/common/pico_util/queue.c.o
LOAD CMakeFiles/mpu6050_reader.dir/home/pi/pico-sdk/src/rp2_common/hardware_uart/uart.c.o
LOAD CMakeFiles/mpu6050_reader.dir/home/pi/pico-sdk/src/rp2_common/hardware_clocks/clocks.c.o
LOAD CMakeFiles/mpu6050_reader.dir/home/pi/pico-sdk/src/rp2_common/hardware_pll/pll.c.o
LOAD CMakeFiles/mpu6050_reader.dir/home/pi/pico-sdk/src/rp2_common/hardware_vreg/vreg.c.o
LOAD CMakeFiles/mpu6050_reader.dir/home/pi/pico-sdk/src/rp2_common/hardware_watchdog/watchdog.c.o
LOAD CMakeFiles/mpu6050_reader.dir/home/pi/pico-sdk/src/rp2_common/hardware_ticks/ticks.c.o
LOAD CMakeFiles/mpu6050_reader.dir/home/pi/pico-sdk/src/rp2_common/pico_bootrom/bootrom.c.o
LOAD CMakeFiles/mpu6050_reader.dir/home/pi/pico-sdk/src/rp2_common/pico_bootrom/bootrom_lock.c.o
LOAD CMakeFiles/mpu6050_reader.dir/home/pi/pico-sdk/src/rp2_common/hardware_boot_lock/boot_lock.c.o
LOAD CMakeFiles/mpu6050_reader.dir/home/pi/pico-sdk/src/rp2_common/pico_flash/flash.c.o
LOAD CMakeFiles/mpu6050_reader.dir/home/pi/pico-sdk/src/rp2_common/hardware_xosc/xosc.c.o
LOAD CMakeFiles/mpu6050_reader.dir/home/pi/pico-sdk/src/rp2_common/hardware_divider/divider.S.o
LOAD CMakeFiles/mpu6050_reader.dir/home/pi/pico-sdk/src/rp2_common/pico_runtime/runtime.c.o
LOAD CMakeFiles/mpu6050_reader.dir/home/pi/pico-sdk/src/rp2_common/pico_runtime_init/runtime_init.c.o
LOAD CMakeFiles/mpu6050_reader.dir/home/pi/pico-sdk/src/rp2_common/pico_runtime_init/runtime_init_clocks.c.o
LOAD CMakeFiles/mpu6050_reader.dir/home/pi/pico-sdk/src/rp2_common/pico_runtime_init/runtime_init_stack_guard.c.o
LOAD CMakeFiles/mpu6050_reader.dir/home/pi/pico-sdk/src/rp2_common/hardware_rtc/rtc.c.o
LOAD CMakeFiles/mpu6050_reader.dir/home/pi/pico-sdk/src/rp2_common/pico_bit_ops/bit_ops_aeabi.S.o
LOAD CMakeFiles/mpu6050_reader.dir/home/pi/pico-sdk/src/rp2_common/pico_divider/divider_hardware.S.o
LOAD CMakeFiles/mpu6050_reader.dir/home/pi/pico-sdk/src/rp2_common/pico_double/double_aeabi_rp2040.S.o
LOAD CMakeFiles/mpu6050_reader.dir/home/pi/pico-sdk/src/rp2_common/pico_double/double_init_rom_rp2040.c.o
LOAD CMakeFiles/mpu6050_reader.dir/home/pi/pico-sdk/src/rp2_common/pico_double/double_math.c.o
LOAD CMakeFiles/mpu6050_reader.dir/home/pi/pico-sdk/src/rp2_common/pico_double/double_v1_rom_shim_rp2040.S.o
LOAD CMakeFiles/mpu6050_reader.dir/home/pi/pico-sdk/src/rp2_common/pico_int64_ops/pico_int64_ops_aeabi.S.o
LOAD CMakeFiles/mpu6050_reader.dir/home/pi/pico-sdk/src/rp2_common/pico_float/float_aeabi_rp2040.S.o
LOAD CMakeFiles/mpu6050_reader.dir/home/pi/pico-sdk/src/rp2_common/pico_float/float_init_rom_rp2040.c.o
LOAD CMakeFiles/mpu6050_reader.dir/home/pi/pico-sdk/src/rp2_common/pico_float/float_math.c.o
LOAD CMakeFiles/mpu6050_reader.dir/home/pi/pico-sdk/src/rp2_common/pico_float/float_v1_rom_shim_rp2040.S.o
LOAD CMakeFiles/mpu6050_reader.dir/home/pi/pico-sdk/src/rp2_common/pico_malloc/malloc.c.o
LOAD CMakeFiles/mpu6050_reader.dir/home/pi/pico-sdk/src/rp2_common/pico_mem_ops/mem_ops_aeabi.S.o
LOAD CMakeFiles/mpu6050_reader.dir/home/pi/pico-sdk/src/rp2_common/pico_atomic/atomic.c.o
LOAD CMakeFiles/mpu6050_reader.dir/home/pi/pico-sdk/src/rp2_common/pico_cxx_options/new_delete.cpp.o
LOAD CMakeFiles/mpu6050_reader.dir/home/pi/pico-sdk/src/rp2_common/pico_standard_binary_info/standard_binary_info.c.o
LOAD CMakeFiles/mpu6050_reader.dir/home/pi/pico-sdk/src/rp2_common/pico_printf/printf.c.o
LOAD CMakeFiles/mpu6050_reader.dir/home/pi/pico-sdk/src/rp2_common/pico_crt0/crt0.S.o
LOAD CMakeFiles/mpu6050_reader.dir/home/pi/pico-sdk/src/rp2_common/pico_clib_interface/newlib_interface.c.o
LOAD CMakeFiles/mpu6050_reader.dir/home/pi/pico-sdk/src/rp2_common/pico_clib_interface/cxa_guard.c.o
LOAD CMakeFiles/mpu6050_reader.dir/home/pi/pico-sdk/src/rp2_common/pico_stdio/stdio.c.o
LOAD CMakeFiles/mpu6050_reader.dir/home/pi/pico-sdk/src/rp2_common/pico_stdio_usb/stdio_usb.c.o
LOAD CMakeFiles/mpu6050_reader.dir/home/pi/pico-sdk/src/rp2_common/pico_stdio_usb/stdio_usb_descriptors.c.o
LOAD CMakeFiles/mpu6050_reader.dir/home/pi/pico-sdk/src/rp2_common/pico_unique_id/unique_id.c.o
LOAD CMakeFiles/mpu6050_reader.dir/home/pi/pico-sdk/src/rp2_common/hardware_flash/flash.c.o
LOAD CMakeFiles/mpu6050_reader.dir/home/pi/pico-sdk/src/rp2_common/hardware_xip_cache/xip_cache.c.o
LOAD CMakeFiles/mpu6050_reader.dir/home/pi/pico-sdk/src/rp2_common/pico_usb_reset/usb_reset.c.o
LOAD CMakeFiles/mpu6050_reader.dir/home/pi/pico-sdk/lib/tinyusb/src/portable/raspberrypi/rp2040/dcd_rp2040.c.o
LOAD CMakeFiles/mpu6050_reader.dir/home/pi/pico-sdk/lib/tinyusb/src/portable/raspberrypi/rp2040/rp2040_usb.c.o
LOAD CMakeFiles/mpu6050_reader.dir/home/pi/pico-sdk/lib/tinyusb/src/device/usbd.c.o
LOAD CMakeFiles/mpu6050_reader.dir/home/pi/pico-sdk/lib/tinyusb/src/device/usbd_control.c.o
LOAD CMakeFiles/mpu6050_reader.dir/home/pi/pico-sdk/lib/tinyusb/src/class/audio/audio_device.c.o
LOAD CMakeFiles/mpu6050_reader.dir/home/pi/pico-sdk/lib/tinyusb/src/class/cdc/cdc_device.c.o
LOAD CMakeFiles/mpu6050_reader.dir/home/pi/pico-sdk/lib/tinyusb/src/class/dfu/dfu_device.c.o
LOAD CMakeFiles/mpu6050_reader.dir/home/pi/pico-sdk/lib/tinyusb/src/class/dfu/dfu_rt_device.c.o
LOAD CMakeFiles/mpu6050_reader.dir/home/pi/pico-sdk/lib/tinyusb/src/class/hid/hid_device.c.o
LOAD CMakeFiles/mpu6050_reader.dir/home/pi/pico-sdk/lib/tinyusb/src/class/midi/midi_device.c.o
LOAD CMakeFiles/mpu6050_reader.dir/home/pi/pico-sdk/lib/tinyusb/src/class/msc/msc_device.c.o
LOAD CMakeFiles/mpu6050_reader.dir/home/pi/pico-sdk/lib/tinyusb/src/class/net/ecm_rndis_device.c.o
LOAD CMakeFiles/mpu6050_reader.dir/home/pi/pico-sdk/lib/tinyusb/src/class/net/ncm_device.c.o
LOAD CMakeFiles/mpu6050_reader.dir/home/pi/pico-sdk/lib/tinyusb/src/class/usbtmc/usbtmc_device.c.o
LOAD CMakeFiles/mpu6050_reader.dir/home/pi/pico-sdk/lib/tinyusb/src/class/vendor/vendor_device.c.o
LOAD CMakeFiles/mpu6050_reader.dir/home/pi/pico-sdk/lib/tinyusb/src/class/video/video_device.c.o
LOAD CMakeFiles/mpu6050_reader.dir/home/pi/pico-sdk/lib/tinyusb/src/tusb.c.o
LOAD CMakeFiles/mpu6050_reader.dir/home/pi/pico-sdk/lib/tinyusb/src/common/tusb_fifo.c.o
LOAD CMakeFiles/mpu6050_reader.dir/home/pi/pico-sdk/src/rp2_common/pico_fix/rp2040_usb_device_enumeration/rp2040_usb_device_enumeration.c.o
LOAD CMakeFiles/mpu6050_reader.dir/home/pi/pico-sdk/src/rp2_common/pico_thread_local/thread_local.c.o
LOAD CMakeFiles/mpu6050_reader.dir/home/pi/pico-sdk/src/rp2_common/hardware_i2c/i2c.c.o
LOAD CMakeFiles/mpu6050_reader.dir/home/pi/pico-sdk/src/rp2_common/pico_i2c_slave/i2c_slave.c.o
LOAD pico-sdk/src/rp2040/boot_stage2/CMakeFiles/bs2_default_library.dir/bs2_default_padded_checksummed.S.o
LOAD /usr/lib/gcc/arm-none-eabi/14.2.1/../../../arm-none-eabi/lib/thumb/v6-m/nofp/libstdc++.a
LOAD /usr/lib/gcc/arm-none-eabi/14.2.1/../../../arm-none-eabi/lib/thumb/v6-m/nofp/libm.a
START GROUP
LOAD /usr/lib/gcc/arm-none-eabi/14.2.1/thumb/v6-m/nofp/libgcc.a
LOAD /usr/lib/gcc/arm-none-eabi/14.2.1/../../../arm-none-eabi/lib/thumb/v6-m/nofp/libg.a
LOAD /usr/lib/gcc/arm-none-eabi/14.2.1/../../../arm-none-eabi/lib/thumb/v6-m/nofp/libc.a
END GROUP
                0x20000000                        PROVIDE (RAM_ORIGIN = RAM_ORIGIN_DEFAULT)
                0x00040000                        PROVIDE (RAM_LENGTH = RAM_LENGTH_DEFAULT)
                0x20040000                        PROVIDE (SCRATCH_X_ORIGIN = SCRATCH_X_ORIGIN_DEFAULT)
                0x00001000                        PROVIDE (SCRATCH_X_LENGTH = SCRATCH_X_LENGTH_DEFAULT)
                0x20041000                        PROVIDE (SCRATCH_Y_ORIGIN = SCRATCH_Y_ORIGIN_DEFAULT)
                0x00001000                        PROVIDE (SCRATCH_Y_LENGTH = SCRATCH_Y_LENGTH_DEFAULT)
                0x15000000                        PROVIDE (XIP_RAM_ORIGIN = XIP_RAM_ORIGIN_DEFAULT)
                0x00004000                        PROVIDE (XIP_RAM_LENGTH = XIP_RAM_LENGTH_DEFAULT)
                0x20000000                        RAM_ORIGIN = DEFINED (RAM_ORIGIN)?RAM_ORIGIN:RAM_ORIGIN_DEFAULT
                0x00040000                        RAM_LENGTH = DEFINED (RAM_LENGTH)?RAM_LENGTH:RAM_LENGTH_DEFAULT
                0x20040000                        SCRATCH_X_ORIGIN = DEFINED (SCRATCH_X_ORIGIN)?SCRATCH_X_ORIGIN:SCRATCH_X_ORIGIN_DEFAULT
                0x00001000                        SCRATCH_X_LENGTH = DEFINED (SCRATCH_X_LENGTH)?SCRATCH_X_LENGTH:SCRATCH_X_LENGTH_DEFAULT
                0x20041000                        SCRATCH_Y_ORIGIN = DEFINED (SCRATCH_Y_ORIGIN)?SCRATCH_Y_ORIGIN:SCRATCH_Y_ORIGIN_DEFAULT
                0x00001000                        SCRATCH_Y_LENGTH = DEFINED (SCRATCH_Y_LENGTH)?SCRATCH_Y_LENGTH:SCRATCH_Y_LENGTH_DEFAULT
                0x15000000                        XIP_RAM_ORIGIN = DEFINED (XIP_RAM_ORIGIN)?XIP_RAM_ORIGIN:XIP_RAM_ORIGIN_DEFAULT
                0x00004000                        XIP_RAM_LENGTH = DEFINED (XIP_RAM_LENGTH)?XIP_RAM_LENGTH:XIP_RAM_LENGTH_DEFAULT

.flash_begin    0x10000000        0x0
                0x10000000                        __flash_binary_start = .

.boot2          0x10000000      0x100
                0x10000000                        __boot2_start__ = .
 *(.boot2)
 .boot2         0x10000000      0x100 pico-sdk/src/rp2040/boot_stage2/CMakeFiles/bs2_default_library.dir/bs2_default_padded_checksummed.S.o
                0x10000100                        __boot2_end__ = .
                0x00000001                        ASSERT (((__boot2_end__ - __boot2_start__) == 0x100), ERROR: Pico second stage bootloader must be exactly 256 bytes in size for RP2040)

.text           0x10000100     0x6520
                0x10000100                        __logical_binary_start = .
 *(.vectors)
 .vectors       0x10000100       0xd4 CMakeFiles/mpu6050_reader.dir/home/pi/pico-sdk/src/rp2_common/pico_crt0/crt0.S.o
                0x10000100                __vectors
                0x10000100                __VECTOR_TABLE
                0x100001c0                isr_irq30
                0x100001c0                __unhandled_user_irq
                0x100001c0                isr_irq13
                0x100001c0                isr_irq27
                0x100001c0                isr_irq31
                0x100001c0                isr_irq5
                0x100001c0                isr_irq11
                0x100001c0                isr_irq23
                0x100001c0                isr_irq18
                0x100001c0                isr_irq28
                0x100001c0                isr_irq19
                0x100001c0                isr_irq0
                0x100001c0                isr_irq6
                0x100001c0                isr_irq22
                0x100001c0                isr_irq17
                0x100001c0                isr_irq14
                0x100001c0                __vectors_end
                0x100001c0                __default_isrs_start
                0x100001c0                isr_irq2
                0x100001c0                isr_irq10
                0x100001c0                isr_irq8
                0x100001c0                isr_irq24
                0x100001c0                isr_irq1
                0x100001c0                isr_irq7
                0x100001c0                isr_irq21
                0x100001c0                isr_irq20
                0x100001c0                isr_irq15
                0x100001c0                isr_irq25
                0x100001c0                isr_irq4
                0x100001c0                isr_irq16
                0x100001c0                isr_irq29
                0x100001c0                isr_irq26
                0x100001c0                isr_irq3
                0x100001c0                isr_irq12
                0x100001c0                isr_irq9
                0x100001c6                unhandled_user_irq_num_in_r0
                0x100001c8                isr_invalid
                0x100001ca                isr_nmi
                0x100001cc                isr_hardfault
                0x100001ce                isr_svcall
                0x100001d0                isr_pendsv
                0x100001d2                isr_systick
                0x100001d4                __default_isrs_end
 *(.binary_info_header)
 .binary_info_header
                0x100001d4       0x14 CMakeFiles/mpu6050_reader.dir/home/pi/pico-sdk/src/rp2_common/pico_crt0/crt0.S.o
                0x100001e8                        __binary_info_header_end = .
 *(.embedded_block)
                0x100001e8                        __embedded_block_end = .
 *(.reset)
 .reset         0x100001e8       0x98 CMakeFiles/mpu6050_reader.dir/home/pi/pico-sdk/src/rp2_common/pico_crt0/crt0.S.o
                0x100001e8                _entry_point
 *(.init)
 *libgcc.a:cmse_nonsecure_call.o()
 *(EXCLUDE_FILE(*libm.a: *lib*_a-mem*.o *libc.a: *libgcc.a:) .text*)
 .text.i2c_slave_handler
                0x10000280       0x40 CMakeFiles/mpu6050_reader.dir/i2c.c.o
 .text.startup.main
                0x100002c0      0x148 CMakeFiles/mpu6050_reader.dir/i2c.c.o
                0x100002c0                main
 .text.gpio_set_function
                0x10000408       0x34 CMakeFiles/mpu6050_reader.dir/home/pi/pico-sdk/src/rp2_common/hardware_gpio/gpio.c.o
                0x10000408                gpio_set_function
 .text.gpio_set_pulls
                0x1000043c       0x28 CMakeFiles/mpu6050_reader.dir/home/pi/pico-sdk/src/rp2_common/hardware_gpio/gpio.c.o
                0x1000043c                gpio_set_pulls
 .text.gpio_init
                0x10000464       0x40 CMakeFiles/mpu6050_reader.dir/home/pi/pico-sdk/src/rp2_common/hardware_gpio/gpio.c.o
                0x10000464                gpio_init
 .text.rp2040_chip_version
                0x100004a4        0xc CMakeFiles/mpu6050_reader.dir/home/pi/pico-sdk/src/rp2040/pico_platform/platform.c.o
                0x100004a4                rp2040_chip_version
 .text.panic    0x100004b0       0x30 CMakeFiles/mpu6050_reader.dir/home/pi/pico-sdk/src/rp2_common/pico_platform_panic/panic.c.o
                0x100004b0                panic
 .text.hw_claim_or_assert
                0x100004e0       0x44 CMakeFiles/mpu6050_reader.dir/home/pi/pico-sdk/src/common/hardware_claim/claim.c.o
                0x100004e0                hw_claim_or_assert
 .text.hw_claim_unused_from_range
                0x10000524       0x88 CMakeFiles/mpu6050_reader.dir/home/pi/pico-sdk/src/common/hardware_claim/claim.c.o
                0x10000524                hw_claim_unused_from_range
 .text.next_striped_spin_lock_num
                0x100005ac       0x18 CMakeFiles/mpu6050_reader.dir/home/pi/pico-sdk/src/rp2_common/hardware_sync/sync.c.o
                0x100005ac                next_striped_spin_lock_num
 .text.spin_lock_claim_unused
                0x100005c4       0x24 CMakeFiles/mpu6050_reader.dir/home/pi/pico-sdk/src/rp2_common/hardware_sync/sync.c.o
                0x100005c4                spin_lock_claim_unused
 .text.spin_locks_reset
                0x100005e8       0x1c CMakeFiles/mpu6050_reader.dir/home/pi/pico-sdk/src/rp2_common/hardware_sync_spin_lock/sync_spin_lock.c.o
                0x100005e8                spin_locks_reset
 .text.runtime_init_per_core_irq_priorities
                0x10000604       0x24 CMakeFiles/mpu6050_reader.dir/home/pi/pico-sdk/src/rp2_common/hardware_irq/irq.c.o
                0x10000604                runtime_init_per_core_irq_priorities
 .text.irq_set_enabled
                0x10000628       0x24 CMakeFiles/mpu6050_reader.dir/home/pi/pico-sdk/src/rp2_common/hardware_irq/irq.c.o
                0x10000628                irq_set_enabled
 .text.irq_is_enabled
                0x1000064c       0x18 CMakeFiles/mpu6050_reader.dir/home/pi/pico-sdk/src/rp2_common/hardware_irq/irq.c.o
                0x1000064c                irq_is_enabled
 .text.irq_set_pending
                0x10000664       0x10 CMakeFiles/mpu6050_reader.dir/home/pi/pico-sdk/src/rp2_common/hardware_irq/irq.c.o
                0x10000664                irq_set_pending
 .text.irq_has_shared_handler
                0x10000674       0x24 CMakeFiles/mpu6050_reader.dir/home/pi/pico-sdk/src/rp2_common/hardware_irq/irq.c.o
                0x10000674                irq_has_shared_handler
 .text.irq_set_exclusive_handler
                0x10000698       0x54 CMakeFiles/mpu6050_reader.dir/home/pi/pico-sdk/src/rp2_common/hardware_irq/irq.c.o
                0x10000698                irq_set_exclusive_handler
 .text.irq_add_shared_handler
                0x100006ec      0x1d8 CMakeFiles/mpu6050_reader.dir/home/pi/pico-sdk/src/rp2_common/hardware_irq/irq.c.o
                0x100006ec                irq_add_shared_handler
 .text.irq_add_tail_to_free_list
                0x100008c4       0xcc CMakeFiles/mpu6050_reader.dir/home/pi/pico-sdk/src/rp2_common/hardware_irq/irq.c.o
                0x100008c4                irq_add_tail_to_free_list
 .text.user_irq_claim_unused
                0x10000990       0x2c CMakeFiles/mpu6050_reader.dir/home/pi/pico-sdk/src/rp2_common/hardware_irq/irq.c.o
                0x10000990                user_irq_claim_unused
 .text.lock_init
                0x100009bc       0x10 CMakeFiles/mpu6050_reader.dir/home/pi/pico-sdk/src/common/pico_sync/lock_core.c.o
                0x100009bc                lock_init
 .text.runtime_init_mutex
                0x100009cc       0x50 CMakeFiles/mpu6050_reader.dir/home/pi/pico-sdk/src/common/pico_sync/mutex.c.o
                0x100009cc                runtime_init_mutex
 .text.mutex_init
                0x10000a1c       0x1c CMakeFiles/mpu6050_reader.dir/home/pi/pico-sdk/src/common/pico_sync/mutex.c.o
                0x10000a1c                mutex_init
 .text.critical_section_init
                0x10000a38       0x1c CMakeFiles/mpu6050_reader.dir/home/pi/pico-sdk/src/common/pico_sync/critical_section.c.o
                0x10000a38                critical_section_init
 .text.critical_section_init_with_lock_num
                0x10000a54       0x14 CMakeFiles/mpu6050_reader.dir/home/pi/pico-sdk/src/common/pico_sync/critical_section.c.o
                0x10000a54                critical_section_init_with_lock_num
 .text.sleep_until_callback
                0x10000a68       0x30 CMakeFiles/mpu6050_reader.dir/home/pi/pico-sdk/src/common/pico_time/time.c.o
 .text.alarm_pool_irq_handler
                0x10000a98      0x300 CMakeFiles/mpu6050_reader.dir/home/pi/pico-sdk/src/common/pico_time/time.c.o
 .text.runtime_init_default_alarm_pool
                0x10000d98       0xdc CMakeFiles/mpu6050_reader.dir/home/pi/pico-sdk/src/common/pico_time/time.c.o
                0x10000d98                runtime_init_default_alarm_pool
 .text.alarm_pool_get_default
                0x10000e74        0x8 CMakeFiles/mpu6050_reader.dir/home/pi/pico-sdk/src/common/pico_time/time.c.o
                0x10000e74                alarm_pool_get_default
 .text.alarm_pool_add_alarm_at
                0x10000e7c       0xd0 CMakeFiles/mpu6050_reader.dir/home/pi/pico-sdk/src/common/pico_time/time.c.o
                0x10000e7c                alarm_pool_add_alarm_at
 .text.alarm_pool_add_alarm_at_force_in_context
                0x10000f4c       0xb0 CMakeFiles/mpu6050_reader.dir/home/pi/pico-sdk/src/common/pico_time/time.c.o
                0x10000f4c                alarm_pool_add_alarm_at_force_in_context
 .text.alarm_pool_cancel_alarm
                0x10000ffc       0x74 CMakeFiles/mpu6050_reader.dir/home/pi/pico-sdk/src/common/pico_time/time.c.o
                0x10000ffc                alarm_pool_cancel_alarm
 .text.alarm_pool_core_num
                0x10001070        0x4 CMakeFiles/mpu6050_reader.dir/home/pi/pico-sdk/src/common/pico_time/time.c.o
                0x10001070                alarm_pool_core_num
 .text.sleep_ms
                0x10001074       0xfc CMakeFiles/mpu6050_reader.dir/home/pi/pico-sdk/src/common/pico_time/time.c.o
                0x10001074                sleep_ms
 .text.best_effort_wfe_or_timeout
                0x10001170      0x13c CMakeFiles/mpu6050_reader.dir/home/pi/pico-sdk/src/common/pico_time/time.c.o
                0x10001170                best_effort_wfe_or_timeout
 .text.timer_hardware_alarm_claim
                0x100012ac       0x14 CMakeFiles/mpu6050_reader.dir/home/pi/pico-sdk/src/rp2_common/hardware_timer/timer.c.o
                0x100012ac                timer_hardware_alarm_claim
 .text.timer_time_us_64
                0x100012c0       0x10 CMakeFiles/mpu6050_reader.dir/home/pi/pico-sdk/src/rp2_common/hardware_timer/timer.c.o
                0x100012c0                timer_time_us_64
 .text.time_us_64
                0x100012d0       0x14 CMakeFiles/mpu6050_reader.dir/home/pi/pico-sdk/src/rp2_common/hardware_timer/timer.c.o
                0x100012d0                time_us_64
 .text.busy_wait_until
                0x100012e4       0x20 CMakeFiles/mpu6050_reader.dir/home/pi/pico-sdk/src/rp2_common/hardware_timer/timer.c.o
                0x100012e4                busy_wait_until
 .text.clock_configure_int_divider
                0x10001304       0xf4 CMakeFiles/mpu6050_reader.dir/home/pi/pico-sdk/src/rp2_common/hardware_clocks/clocks.c.o
                0x10001304                clock_configure_int_divider
 .text.clock_configure_undivided
                0x100013f8       0xe8 CMakeFiles/mpu6050_reader.dir/home/pi/pico-sdk/src/rp2_common/hardware_clocks/clocks.c.o
                0x100013f8                clock_configure_undivided
 .text.clock_get_hz
                0x100014e0        0xc CMakeFiles/mpu6050_reader.dir/home/pi/pico-sdk/src/rp2_common/hardware_clocks/clocks.c.o
                0x100014e0                clock_get_hz
 .text.pll_init
                0x100014ec       0xa4 CMakeFiles/mpu6050_reader.dir/home/pi/pico-sdk/src/rp2_common/hardware_pll/pll.c.o
                0x100014ec                pll_init
 .text.watchdog_reboot
                0x10001590       0x9c CMakeFiles/mpu6050_reader.dir/home/pi/pico-sdk/src/rp2_common/hardware_watchdog/watchdog.c.o
                0x10001590                watchdog_reboot
 .text.tick_start
                0x1000162c       0x10 CMakeFiles/mpu6050_reader.dir/home/pi/pico-sdk/src/rp2_common/hardware_ticks/ticks.c.o
                0x1000162c                tick_start
 .text.rom_func_lookup
                0x1000163c       0x10 CMakeFiles/mpu6050_reader.dir/home/pi/pico-sdk/src/rp2_common/pico_bootrom/bootrom.c.o
                0x1000163c                rom_func_lookup
 .text.rom_data_lookup
                0x1000164c       0x10 CMakeFiles/mpu6050_reader.dir/home/pi/pico-sdk/src/rp2_common/pico_bootrom/bootrom.c.o
                0x1000164c                rom_data_lookup
 .text.rom_funcs_lookup
                0x1000165c       0x44 CMakeFiles/mpu6050_reader.dir/home/pi/pico-sdk/src/rp2_common/pico_bootrom/bootrom.c.o
                0x1000165c                rom_funcs_lookup
 .text.rom_reset_usb_boot_extra
                0x100016a0       0x24 CMakeFiles/mpu6050_reader.dir/home/pi/pico-sdk/src/rp2_common/pico_bootrom/bootrom.c.o
                0x100016a0                rom_reset_usb_boot_extra
 .text.xosc_init
                0x100016c4       0x28 CMakeFiles/mpu6050_reader.dir/home/pi/pico-sdk/src/rp2_common/hardware_xosc/xosc.c.o
                0x100016c4                xosc_init
 .text.first_per_core_initializer
                0x100016ec        0x4 CMakeFiles/mpu6050_reader.dir/home/pi/pico-sdk/src/rp2_common/pico_runtime/runtime.c.o
 .text.hard_assertion_failure
                0x100016f0        0xc CMakeFiles/mpu6050_reader.dir/home/pi/pico-sdk/src/rp2_common/pico_runtime/runtime.c.o
                0x100016f0                hard_assertion_failure
 .text.runtime_run_initializers
                0x100016fc       0x28 CMakeFiles/mpu6050_reader.dir/home/pi/pico-sdk/src/rp2_common/pico_runtime/runtime.c.o
                0x100016fc                runtime_run_initializers
 .text.runtime_init_early_resets
                0x10001724       0x2c CMakeFiles/mpu6050_reader.dir/home/pi/pico-sdk/src/rp2_common/pico_runtime_init/runtime_init.c.o
                0x10001724                runtime_init_early_resets
 .text.runtime_init_usb_power_down
                0x10001750       0x1c CMakeFiles/mpu6050_reader.dir/home/pi/pico-sdk/src/rp2_common/pico_runtime_init/runtime_init.c.o
                0x10001750                runtime_init_usb_power_down
 .text.runtime_init_post_clock_resets
                0x1000176c       0x20 CMakeFiles/mpu6050_reader.dir/home/pi/pico-sdk/src/rp2_common/pico_runtime_init/runtime_init.c.o
                0x1000176c                runtime_init_post_clock_resets
 .text.runtime_init_rp2040_gpio_ie_disable
                0x1000178c       0x14 CMakeFiles/mpu6050_reader.dir/home/pi/pico-sdk/src/rp2_common/pico_runtime_init/runtime_init.c.o
                0x1000178c                runtime_init_rp2040_gpio_ie_disable
 .text.runtime_init_spin_locks_reset
                0x100017a0        0x8 CMakeFiles/mpu6050_reader.dir/home/pi/pico-sdk/src/rp2_common/pico_runtime_init/runtime_init.c.o
                0x100017a0                runtime_init_spin_locks_reset
 .text.runtime_init_install_ram_vector_table
                0x100017a8       0xb4 CMakeFiles/mpu6050_reader.dir/home/pi/pico-sdk/src/rp2_common/pico_runtime_init/runtime_init.c.o
                0x100017a8                runtime_init_install_ram_vector_table
 .text.runtime_init_clocks
                0x1000185c       0xd8 CMakeFiles/mpu6050_reader.dir/home/pi/pico-sdk/src/rp2_common/pico_runtime_init/runtime_init_clocks.c.o
                0x1000185c                runtime_init_clocks
 .text          0x10001934       0x10 CMakeFiles/mpu6050_reader.dir/home/pi/pico-sdk/src/rp2_common/pico_bit_ops/bit_ops_aeabi.S.o
 .text.__wrap___aeabi_idiv
                0x10001944       0x50 CMakeFiles/mpu6050_reader.dir/home/pi/pico-sdk/src/rp2_common/pico_divider/divider_hardware.S.o
                0x10001944                __wrap___aeabi_idivmod
                0x10001944                divmod_s32s32
                0x10001944                div_s32s32
                0x10001944                __wrap___aeabi_idiv
                0x10001978                divmod_s32s32_savestate
 .text.__wrap___aeabi_uidiv
                0x10001994       0x4c CMakeFiles/mpu6050_reader.dir/home/pi/pico-sdk/src/rp2_common/pico_divider/divider_hardware.S.o
                0x10001994                __wrap___aeabi_uidiv
                0x10001994                __wrap___aeabi_uidivmod
                0x10001994                div_u32u32
                0x10001994                divmod_u32u32
                0x100019c4                divmod_u32u32_savestate
 .text.__wrap___aeabi_ldiv
                0x100019e0      0x424 CMakeFiles/mpu6050_reader.dir/home/pi/pico-sdk/src/rp2_common/pico_divider/divider_hardware.S.o
                0x100019e0                div_s64s64
                0x100019e0                divmod_s64s64
                0x100019e0                __wrap___aeabi_ldivmod
                0x10001a10                div_u64u64
                0x10001a10                divmod_u64u64
                0x10001a10                __wrap___aeabi_uldivmod
                0x10001a20                divmod_u64u64_savestate
                0x10001a40                divmod_s64s64_unsafe
                0x10001ac8                divmod_u64u64_unsafe
 .text.__wrap___aeabi_darithmetic
                0x10001e04       0x60 CMakeFiles/mpu6050_reader.dir/home/pi/pico-sdk/src/rp2_common/pico_double/double_aeabi_rp2040.S.o
                0x10001e04                __wrap___aeabi_drsub
                0x10001e0a                __wrap___aeabi_dsub
                0x10001e14                __wrap___aeabi_dadd
                0x10001e1e                __wrap___aeabi_ddiv
                0x10001e52                __wrap___aeabi_dmul
 .text.__wrap___aeabi_cdcmple
                0x10001e64       0x6c CMakeFiles/mpu6050_reader.dir/home/pi/pico-sdk/src/rp2_common/pico_double/double_aeabi_rp2040.S.o
                0x10001e64                __wrap___aeabi_cdrcmple
                0x10001e74                __wrap___aeabi_cdcmple
                0x10001e74                __wrap___aeabi_cdcmpeq
 .text.__wrap___aeabi_dcmplt
                0x10001ed0        0xc CMakeFiles/mpu6050_reader.dir/home/pi/pico-sdk/src/rp2_common/pico_double/double_aeabi_rp2040.S.o
                0x10001ed0                __wrap___aeabi_dcmplt
 .text.__wrap___aeabi_dcmple
                0x10001edc       0x10 CMakeFiles/mpu6050_reader.dir/home/pi/pico-sdk/src/rp2_common/pico_double/double_aeabi_rp2040.S.o
                0x10001edc                __wrap___aeabi_dcmple
 .text.__wrap___aeabi_dcmpge
                0x10001eec       0x10 CMakeFiles/mpu6050_reader.dir/home/pi/pico-sdk/src/rp2_common/pico_double/double_aeabi_rp2040.S.o
                0x10001eec                __wrap___aeabi_dcmpge
 .text.__wrap___aeabi_dcmpgt
                0x10001efc        0xa CMakeFiles/mpu6050_reader.dir/home/pi/pico-sdk/src/rp2_common/pico_double/double_aeabi_rp2040.S.o
                0x10001efc                __wrap___aeabi_dcmpgt
 .text.__wrap___aeabi_dcmpun
                0x10001f06       0x18 CMakeFiles/mpu6050_reader.dir/home/pi/pico-sdk/src/rp2_common/pico_double/double_aeabi_rp2040.S.o
                0x10001f06                __wrap___aeabi_dcmpun
 *fill*         0x10001f1e        0x2 
 .text.__wrap___aeabi_i2d
                0x10001f20       0x38 CMakeFiles/mpu6050_reader.dir/home/pi/pico-sdk/src/rp2_common/pico_double/double_aeabi_rp2040.S.o
                0x10001f20                __wrap___aeabi_ui2d
                0x10001f20                uint2double
                0x10001f28                __wrap___aeabi_i2d
                0x10001f28                int2double
 .text.__wrap___aeabi_d2iz
                0x10001f58       0x48 CMakeFiles/mpu6050_reader.dir/home/pi/pico-sdk/src/rp2_common/pico_double/double_aeabi_rp2040.S.o
                0x10001f58                __wrap___aeabi_d2iz
                0x10001f58                double2int_z
 .text.__wrap___aeabi_d2uiz
                0x10001fa0       0x10 CMakeFiles/mpu6050_reader.dir/home/pi/pico-sdk/src/rp2_common/pico_double/double_aeabi_rp2040.S.o
                0x10001fa0                double2uint_z
                0x10001fa0                double2uint
                0x10001fa0                __wrap___aeabi_d2uiz
 .text.missing_double_func_shim
                0x10001fb0        0xc CMakeFiles/mpu6050_reader.dir/home/pi/pico-sdk/src/rp2_common/pico_double/double_init_rom_rp2040.c.o
 .text.__aeabi_double_init
                0x10001fbc       0xa0 CMakeFiles/mpu6050_reader.dir/home/pi/pico-sdk/src/rp2_common/pico_double/double_init_rom_rp2040.c.o
                0x10001fbc                __aeabi_double_init
 .text.double_table_shim_on_use_helper
                0x1000205c       0x2c CMakeFiles/mpu6050_reader.dir/home/pi/pico-sdk/src/rp2_common/pico_double/double_v1_rom_shim_rp2040.S.o
                0x1000205c                double_table_shim_on_use_helper
 .text.__aeabi_lmul
                0x10002088       0x32 CMakeFiles/mpu6050_reader.dir/home/pi/pico-sdk/src/rp2_common/pico_int64_ops/pico_int64_ops_aeabi.S.o
                0x10002088                __wrap___aeabi_lmul
 *fill*         0x100020ba        0x2 
 .text.missing_float_func_shim
                0x100020bc        0xc CMakeFiles/mpu6050_reader.dir/home/pi/pico-sdk/src/rp2_common/pico_float/float_init_rom_rp2040.c.o
 .text.__aeabi_float_init
                0x100020c8       0x5c CMakeFiles/mpu6050_reader.dir/home/pi/pico-sdk/src/rp2_common/pico_float/float_init_rom_rp2040.c.o
                0x100020c8                __aeabi_float_init
 .text          0x10002124       0x10 CMakeFiles/mpu6050_reader.dir/home/pi/pico-sdk/src/rp2_common/pico_mem_ops/mem_ops_aeabi.S.o
                0x10002124                __aeabi_mem_init
 .text.memset   0x10002134        0xc CMakeFiles/mpu6050_reader.dir/home/pi/pico-sdk/src/rp2_common/pico_mem_ops/mem_ops_aeabi.S.o
                0x10002134                __wrap_memset
 .text.memcpy   0x10002140        0xc CMakeFiles/mpu6050_reader.dir/home/pi/pico-sdk/src/rp2_common/pico_mem_ops/mem_ops_aeabi.S.o
                0x10002140                __wrap___aeabi_memcpy
                0x10002140                __wrap_memcpy
 .text._out_null
                0x1000214c        0x4 CMakeFiles/mpu6050_reader.dir/home/pi/pico-sdk/src/rp2_common/pico_printf/printf.c.o
 .text._out_rev
                0x10002150       0xac CMakeFiles/mpu6050_reader.dir/home/pi/pico-sdk/src/rp2_common/pico_printf/printf.c.o
 .text._ntoa_format
                0x100021fc      0x1cc CMakeFiles/mpu6050_reader.dir/home/pi/pico-sdk/src/rp2_common/pico_printf/printf.c.o
 .text._out_char
                0x100023c8       0x10 CMakeFiles/mpu6050_reader.dir/home/pi/pico-sdk/src/rp2_common/pico_printf/printf.c.o
 .text._out_fct
                0x100023d8       0x10 CMakeFiles/mpu6050_reader.dir/home/pi/pico-sdk/src/rp2_common/pico_printf/printf.c.o
 .text._ftoa    0x100023e8      0x4a8 CMakeFiles/mpu6050_reader.dir/home/pi/pico-sdk/src/rp2_common/pico_printf/printf.c.o
 .text._etoa    0x10002890      0x57c CMakeFiles/mpu6050_reader.dir/home/pi/pico-sdk/src/rp2_common/pico_printf/printf.c.o
 .text._vsnprintf
                0x10002e0c      0xbe0 CMakeFiles/mpu6050_reader.dir/home/pi/pico-sdk/src/rp2_common/pico_printf/printf.c.o
 .text.vfctprintf
                0x100039ec       0x24 CMakeFiles/mpu6050_reader.dir/home/pi/pico-sdk/src/rp2_common/pico_printf/printf.c.o
                0x100039ec                vfctprintf
 .text.weak_raw_vprintf
                0x10003a10       0x30 CMakeFiles/mpu6050_reader.dir/home/pi/pico-sdk/src/rp2_common/pico_printf/printf.c.o
                0x10003a10                weak_raw_vprintf
 .text._exit    0x10003a40        0x4 CMakeFiles/mpu6050_reader.dir/home/pi/pico-sdk/src/rp2_common/pico_clib_interface/newlib_interface.c.o
                0x10003a40                _exit
 .text._fini    0x10003a44        0x4 CMakeFiles/mpu6050_reader.dir/home/pi/pico-sdk/src/rp2_common/pico_clib_interface/newlib_interface.c.o
                0x10003a44                _fini
 .text.exit     0x10003a48        0x8 CMakeFiles/mpu6050_reader.dir/home/pi/pico-sdk/src/rp2_common/pico_clib_interface/newlib_interface.c.o
                0x10003a48                exit
 .text.runtime_init
                0x10003a50       0x2c CMakeFiles/mpu6050_reader.dir/home/pi/pico-sdk/src/rp2_common/pico_clib_interface/newlib_interface.c.o
                0x10003a50                runtime_init
 .text.stdio_out_chars_no_crlf
                0x10003a7c       0x10 CMakeFiles/mpu6050_reader.dir/home/pi/pico-sdk/src/rp2_common/pico_stdio/stdio.c.o
 .text.stdio_out_chars_crlf
                0x10003a8c       0xb0 CMakeFiles/mpu6050_reader.dir/home/pi/pico-sdk/src/rp2_common/pico_stdio/stdio.c.o
 .text.stdio_buffered_printer
                0x10003b3c       0x58 CMakeFiles/mpu6050_reader.dir/home/pi/pico-sdk/src/rp2_common/pico_stdio/stdio.c.o
 .text.stdio_put_string
                0x10003b94       0xfc CMakeFiles/mpu6050_reader.dir/home/pi/pico-sdk/src/rp2_common/pico_stdio/stdio.c.o
                0x10003b94                stdio_put_string
 .text.stdio_set_driver_enabled
                0x10003c90       0x30 CMakeFiles/mpu6050_reader.dir/home/pi/pico-sdk/src/rp2_common/pico_stdio/stdio.c.o
                0x10003c90                stdio_set_driver_enabled
 .text.stdio_init_all
                0x10003cc0        0x8 CMakeFiles/mpu6050_reader.dir/home/pi/pico-sdk/src/rp2_common/pico_stdio/stdio.c.o
                0x10003cc0                stdio_init_all
 .text.__wrap_putchar
                0x10003cc8       0x94 CMakeFiles/mpu6050_reader.dir/home/pi/pico-sdk/src/rp2_common/pico_stdio/stdio.c.o
                0x10003cc8                stdio_putchar
                0x10003cc8                __wrap_putchar
 .text.__wrap_puts
                0x10003d5c       0x3c CMakeFiles/mpu6050_reader.dir/home/pi/pico-sdk/src/rp2_common/pico_stdio/stdio.c.o
                0x10003d5c                __wrap_puts
                0x10003d5c                stdio_puts
 .text.__wrap_vprintf
                0x10003d98       0xcc CMakeFiles/mpu6050_reader.dir/home/pi/pico-sdk/src/rp2_common/pico_stdio/stdio.c.o
                0x10003d98                __wrap_vprintf
                0x10003d98                stdio_vprintf
 .text.__wrap_printf
                0x10003e64       0x18 CMakeFiles/mpu6050_reader.dir/home/pi/pico-sdk/src/rp2_common/pico_stdio/stdio.c.o
                0x10003e64                stdio_printf
                0x10003e64                __wrap_printf
 .text.stdio_usb_set_chars_available_callback
                0x10003e7c       0x14 CMakeFiles/mpu6050_reader.dir/home/pi/pico-sdk/src/rp2_common/pico_stdio_usb/stdio_usb.c.o
                0x10003e7c                stdio_usb_set_chars_available_callback
 .text.usb_irq  0x10003e90       0x10 CMakeFiles/mpu6050_reader.dir/home/pi/pico-sdk/src/rp2_common/pico_stdio_usb/stdio_usb.c.o
 .text.timer_task
                0x10003ea0       0x64 CMakeFiles/mpu6050_reader.dir/home/pi/pico-sdk/src/rp2_common/pico_stdio_usb/stdio_usb.c.o
 .text.stdio_usb_in_chars
                0x10003f04       0x8c CMakeFiles/mpu6050_reader.dir/home/pi/pico-sdk/src/rp2_common/pico_stdio_usb/stdio_usb.c.o
                0x10003f04                stdio_usb_in_chars
 .text.stdio_usb_out_flush
                0x10003f90       0x4c CMakeFiles/mpu6050_reader.dir/home/pi/pico-sdk/src/rp2_common/pico_stdio_usb/stdio_usb.c.o
 .text.stdio_usb_out_chars
                0x10003fdc      0x100 CMakeFiles/mpu6050_reader.dir/home/pi/pico-sdk/src/rp2_common/pico_stdio_usb/stdio_usb.c.o
 .text.low_priority_worker_irq
                0x100040dc       0xc8 CMakeFiles/mpu6050_reader.dir/home/pi/pico-sdk/src/rp2_common/pico_stdio_usb/stdio_usb.c.o
 .text.stdio_usb_init
                0x100041a4       0xe8 CMakeFiles/mpu6050_reader.dir/home/pi/pico-sdk/src/rp2_common/pico_stdio_usb/stdio_usb.c.o
                0x100041a4                stdio_usb_init
 .text.tud_descriptor_device_cb
                0x1000428c        0x8 CMakeFiles/mpu6050_reader.dir/home/pi/pico-sdk/src/rp2_common/pico_stdio_usb/stdio_usb_descriptors.c.o
                0x1000428c                tud_descriptor_device_cb
 .text.tud_descriptor_configuration_cb
                0x10004294        0x8 CMakeFiles/mpu6050_reader.dir/home/pi/pico-sdk/src/rp2_common/pico_stdio_usb/stdio_usb_descriptors.c.o
                0x10004294                tud_descriptor_configuration_cb
 .text.tud_descriptor_string_cb
                0x1000429c       0x78 CMakeFiles/mpu6050_reader.dir/home/pi/pico-sdk/src/rp2_common/pico_stdio_usb/stdio_usb_descriptors.c.o
                0x1000429c                tud_descriptor_string_cb
 .text.startup._retrieve_unique_id_on_boot
                0x10004314       0x10 CMakeFiles/mpu6050_reader.dir/home/pi/pico-sdk/src/rp2_common/pico_unique_id/unique_id.c.o
 .text.pico_get_unique_board_id_string
                0x10004324      0x1a8 CMakeFiles/mpu6050_reader.dir/home/pi/pico-sdk/src/rp2_common/pico_unique_id/unique_id.c.o
                0x10004324                pico_get_unique_board_id_string
 .text.flash_get_unique_id
                0x100044cc       0x3c CMakeFiles/mpu6050_reader.dir/home/pi/pico-sdk/src/rp2_common/hardware_flash/flash.c.o
                0x100044cc                flash_get_unique_id
 .text.usb_reset_interface_init
                0x10004508        0x4 CMakeFiles/mpu6050_reader.dir/home/pi/pico-sdk/src/rp2_common/pico_usb_reset/usb_reset.c.o
                0x10004508                usb_reset_interface_init
 .text.usb_reset_interface_reset
                0x1000450c        0xc CMakeFiles/mpu6050_reader.dir/home/pi/pico-sdk/src/rp2_common/pico_usb_reset/usb_reset.c.o
                0x1000450c                usb_reset_interface_reset
 .text.usb_reset_interface_open
                0x10004518       0x28 CMakeFiles/mpu6050_reader.dir/home/pi/pico-sdk/src/rp2_common/pico_usb_reset/usb_reset.c.o
                0x10004518                usb_reset_interface_open
 .text.usb_reset_interface_xfer_cb
                0x10004540        0x4 CMakeFiles/mpu6050_reader.dir/home/pi/pico-sdk/src/rp2_common/pico_usb_reset/usb_reset.c.o
                0x10004540                usb_reset_interface_xfer_cb
 .text.usb_reset_interface_control_xfer_cb
                0x10004544       0x60 CMakeFiles/mpu6050_reader.dir/home/pi/pico-sdk/src/rp2_common/pico_usb_reset/usb_reset.c.o
                0x10004544                usb_reset_interface_control_xfer_cb
 .text.tud_descriptor_bos_cb
                0x100045a4        0x8 CMakeFiles/mpu6050_reader.dir/home/pi/pico-sdk/src/rp2_common/pico_usb_reset/usb_reset.c.o
                0x100045a4                tud_descriptor_bos_cb
 .text.tud_vendor_control_xfer_cb
                0x100045ac       0x34 CMakeFiles/mpu6050_reader.dir/home/pi/pico-sdk/src/rp2_common/pico_usb_reset/usb_reset.c.o
                0x100045ac                tud_vendor_control_xfer_cb
 .text.usbd_app_driver_get_cb
                0x100045e0        0xc CMakeFiles/mpu6050_reader.dir/home/pi/pico-sdk/src/rp2_common/pico_usb_reset/usb_reset.c.o
                0x100045e0                usbd_app_driver_get_cb
 .text.tud_cdc_line_coding_cb
                0x100045ec       0x2c CMakeFiles/mpu6050_reader.dir/home/pi/pico-sdk/src/rp2_common/pico_usb_reset/usb_reset.c.o
                0x100045ec                tud_cdc_line_coding_cb
 .text.dcd_init
                0x10004618       0x90 CMakeFiles/mpu6050_reader.dir/home/pi/pico-sdk/lib/tinyusb/src/portable/raspberrypi/rp2040/dcd_rp2040.c.o
                0x10004618                dcd_init
 .text.dcd_int_enable
                0x100046a8        0xc CMakeFiles/mpu6050_reader.dir/home/pi/pico-sdk/lib/tinyusb/src/portable/raspberrypi/rp2040/dcd_rp2040.c.o
                0x100046a8                dcd_int_enable
 .text.dcd_set_address
                0x100046b4       0x14 CMakeFiles/mpu6050_reader.dir/home/pi/pico-sdk/lib/tinyusb/src/portable/raspberrypi/rp2040/dcd_rp2040.c.o
                0x100046b4                dcd_set_address
 .text.dcd_sof_enable
                0x100046c8       0x1c CMakeFiles/mpu6050_reader.dir/home/pi/pico-sdk/lib/tinyusb/src/portable/raspberrypi/rp2040/dcd_rp2040.c.o
                0x100046c8                dcd_sof_enable
 .text.dcd_edpt0_status_complete
                0x100046e4       0x1c CMakeFiles/mpu6050_reader.dir/home/pi/pico-sdk/lib/tinyusb/src/portable/raspberrypi/rp2040/dcd_rp2040.c.o
                0x100046e4                dcd_edpt0_status_complete
 .text.dcd_edpt_open
                0x10004700       0xf8 CMakeFiles/mpu6050_reader.dir/home/pi/pico-sdk/lib/tinyusb/src/portable/raspberrypi/rp2040/dcd_rp2040.c.o
                0x10004700                dcd_edpt_open
 .text.dcd_edpt_close_all
                0x100047f8        0x8 CMakeFiles/mpu6050_reader.dir/home/pi/pico-sdk/lib/tinyusb/src/portable/raspberrypi/rp2040/dcd_rp2040.c.o
                0x100047f8                dcd_edpt_close_all
 .text.dcd_edpt_xfer
                0x10004800       0x24 CMakeFiles/mpu6050_reader.dir/home/pi/pico-sdk/lib/tinyusb/src/portable/raspberrypi/rp2040/dcd_rp2040.c.o
                0x10004800                dcd_edpt_xfer
 .text.dcd_edpt_stall
                0x10004824       0x3c CMakeFiles/mpu6050_reader.dir/home/pi/pico-sdk/lib/tinyusb/src/portable/raspberrypi/rp2040/dcd_rp2040.c.o
                0x10004824                dcd_edpt_stall
 .text.dcd_edpt_clear_stall
                0x10004860       0x30 CMakeFiles/mpu6050_reader.dir/home/pi/pico-sdk/lib/tinyusb/src/portable/raspberrypi/rp2040/dcd_rp2040.c.o
                0x10004860                dcd_edpt_clear_stall
 .text.rp2040_usb_init
                0x10004890       0x40 CMakeFiles/mpu6050_reader.dir/home/pi/pico-sdk/lib/tinyusb/src/portable/raspberrypi/rp2040/rp2040_usb.c.o
                0x10004890                rp2040_usb_init
 .text.hw_endpoint_xfer_start
                0x100048d0       0x40 CMakeFiles/mpu6050_reader.dir/home/pi/pico-sdk/lib/tinyusb/src/portable/raspberrypi/rp2040/rp2040_usb.c.o
                0x100048d0                hw_endpoint_xfer_start
 .text.tud_event_hook_cb
                0x10004910        0x4 CMakeFiles/mpu6050_reader.dir/home/pi/pico-sdk/lib/tinyusb/src/device/usbd.c.o
                0x10004910                tud_event_hook_cb
 .text.tud_sof_cb
                0x10004914        0x4 CMakeFiles/mpu6050_reader.dir/home/pi/pico-sdk/lib/tinyusb/src/device/usbd.c.o
                0x10004914                tud_sof_cb
 .text.tud_descriptor_device_qualifier_cb
                0x10004918        0x4 CMakeFiles/mpu6050_reader.dir/home/pi/pico-sdk/lib/tinyusb/src/device/usbd.c.o
                0x10004918                tud_descriptor_device_qualifier_cb
 .text.tud_descriptor_other_speed_configuration_cb
                0x1000491c        0x4 CMakeFiles/mpu6050_reader.dir/home/pi/pico-sdk/lib/tinyusb/src/device/usbd.c.o
                0x1000491c                tud_descriptor_other_speed_configuration_cb
 .text.tud_mount_cb
                0x10004920        0x4 CMakeFiles/mpu6050_reader.dir/home/pi/pico-sdk/lib/tinyusb/src/device/usbd.c.o
                0x10004920                tud_mount_cb
 .text.tud_umount_cb
                0x10004924        0x4 CMakeFiles/mpu6050_reader.dir/home/pi/pico-sdk/lib/tinyusb/src/device/usbd.c.o
                0x10004924                tud_umount_cb
 .text.tud_suspend_cb
                0x10004928        0x4 CMakeFiles/mpu6050_reader.dir/home/pi/pico-sdk/lib/tinyusb/src/device/usbd.c.o
                0x10004928                tud_suspend_cb
 .text.tud_resume_cb
                0x1000492c        0x4 CMakeFiles/mpu6050_reader.dir/home/pi/pico-sdk/lib/tinyusb/src/device/usbd.c.o
                0x1000492c                tud_resume_cb
 .text.tud_mounted
                0x10004930       0x10 CMakeFiles/mpu6050_reader.dir/home/pi/pico-sdk/lib/tinyusb/src/device/usbd.c.o
                0x10004930                tud_mounted
 .text.tud_suspended
                0x10004940       0x10 CMakeFiles/mpu6050_reader.dir/home/pi/pico-sdk/lib/tinyusb/src/device/usbd.c.o
                0x10004940                tud_suspended
 .text.tud_rhport_init
                0x10004950       0xec CMakeFiles/mpu6050_reader.dir/home/pi/pico-sdk/lib/tinyusb/src/device/usbd.c.o
                0x10004950                tud_rhport_init
 .text.tud_task_ext
                0x10004a3c      0x7d8 CMakeFiles/mpu6050_reader.dir/home/pi/pico-sdk/lib/tinyusb/src/device/usbd.c.o
                0x10004a3c                tud_task_ext
 .text.usbd_open_edpt_pair
                0x10005214       0x9c CMakeFiles/mpu6050_reader.dir/home/pi/pico-sdk/lib/tinyusb/src/device/usbd.c.o
                0x10005214                usbd_open_edpt_pair
 .text.usbd_edpt_open
                0x100052b0       0x34 CMakeFiles/mpu6050_reader.dir/home/pi/pico-sdk/lib/tinyusb/src/device/usbd.c.o
                0x100052b0                usbd_edpt_open
 .text.usbd_edpt_claim
                0x100052e4       0x28 CMakeFiles/mpu6050_reader.dir/home/pi/pico-sdk/lib/tinyusb/src/device/usbd.c.o
                0x100052e4                usbd_edpt_claim
 .text.usbd_edpt_release
                0x1000530c       0x28 CMakeFiles/mpu6050_reader.dir/home/pi/pico-sdk/lib/tinyusb/src/device/usbd.c.o
                0x1000530c                usbd_edpt_release
 .text.usbd_edpt_xfer
                0x10005334       0x4c CMakeFiles/mpu6050_reader.dir/home/pi/pico-sdk/lib/tinyusb/src/device/usbd.c.o
                0x10005334                usbd_edpt_xfer
 .text.tud_control_status
                0x10005380       0x2c CMakeFiles/mpu6050_reader.dir/home/pi/pico-sdk/lib/tinyusb/src/device/usbd_control.c.o
                0x10005380                tud_control_status
 .text.tud_control_xfer
                0x100053ac       0xa8 CMakeFiles/mpu6050_reader.dir/home/pi/pico-sdk/lib/tinyusb/src/device/usbd_control.c.o
                0x100053ac                tud_control_xfer
 .text.usbd_control_reset
                0x10005454       0x14 CMakeFiles/mpu6050_reader.dir/home/pi/pico-sdk/lib/tinyusb/src/device/usbd_control.c.o
                0x10005454                usbd_control_reset
 .text.usbd_control_set_complete_callback
                0x10005468        0xc CMakeFiles/mpu6050_reader.dir/home/pi/pico-sdk/lib/tinyusb/src/device/usbd_control.c.o
                0x10005468                usbd_control_set_complete_callback
 .text.usbd_control_set_request
                0x10005474       0x1c CMakeFiles/mpu6050_reader.dir/home/pi/pico-sdk/lib/tinyusb/src/device/usbd_control.c.o
                0x10005474                usbd_control_set_request
 .text.usbd_control_xfer_cb
                0x10005490       0xec CMakeFiles/mpu6050_reader.dir/home/pi/pico-sdk/lib/tinyusb/src/device/usbd_control.c.o
                0x10005490                usbd_control_xfer_cb
 .text._prep_out_transaction.isra.0
                0x1000557c       0x6c CMakeFiles/mpu6050_reader.dir/home/pi/pico-sdk/lib/tinyusb/src/class/cdc/cdc_device.c.o
 .text.tud_cdc_n_connected
                0x100055e8       0x2c CMakeFiles/mpu6050_reader.dir/home/pi/pico-sdk/lib/tinyusb/src/class/cdc/cdc_device.c.o
                0x100055e8                tud_cdc_n_connected
 .text.tud_cdc_n_available
                0x10005614       0x14 CMakeFiles/mpu6050_reader.dir/home/pi/pico-sdk/lib/tinyusb/src/class/cdc/cdc_device.c.o
                0x10005614                tud_cdc_n_available
 .text.tud_cdc_n_read
                0x10005628       0x88 CMakeFiles/mpu6050_reader.dir/home/pi/pico-sdk/lib/tinyusb/src/class/cdc/cdc_device.c.o
                0x10005628                tud_cdc_n_read
 .text.tud_cdc_n_write_flush
                0x100056b0       0x74 CMakeFiles/mpu6050_reader.dir/home/pi/pico-sdk/lib/tinyusb/src/class/cdc/cdc_device.c.o
                0x100056b0                tud_cdc_n_write_flush
 .text.tud_cdc_n_write
                0x10005724       0x40 CMakeFiles/mpu6050_reader.dir/home/pi/pico-sdk/lib/tinyusb/src/class/cdc/cdc_device.c.o
                0x10005724                tud_cdc_n_write
 .text.tud_cdc_n_write_available
                0x10005764       0x14 CMakeFiles/mpu6050_reader.dir/home/pi/pico-sdk/lib/tinyusb/src/class/cdc/cdc_device.c.o
                0x10005764                tud_cdc_n_write_available
 .text.cdcd_init
                0x10005778       0x70 CMakeFiles/mpu6050_reader.dir/home/pi/pico-sdk/lib/tinyusb/src/class/cdc/cdc_device.c.o
                0x10005778                cdcd_init
 .text.cdcd_deinit
                0x100057e8       0x30 CMakeFiles/mpu6050_reader.dir/home/pi/pico-sdk/lib/tinyusb/src/class/cdc/cdc_device.c.o
                0x100057e8                cdcd_deinit
 .text.cdcd_reset
                0x10005818       0x4c CMakeFiles/mpu6050_reader.dir/home/pi/pico-sdk/lib/tinyusb/src/class/cdc/cdc_device.c.o
                0x10005818                cdcd_reset
 .text.cdcd_open
                0x10005864       0xa4 CMakeFiles/mpu6050_reader.dir/home/pi/pico-sdk/lib/tinyusb/src/class/cdc/cdc_device.c.o
                0x10005864                cdcd_open
 .text.cdcd_control_xfer_cb
                0x10005908       0xe8 CMakeFiles/mpu6050_reader.dir/home/pi/pico-sdk/lib/tinyusb/src/class/cdc/cdc_device.c.o
                0x10005908                cdcd_control_xfer_cb
 .text.cdcd_xfer_cb
                0x100059f0      0x100 CMakeFiles/mpu6050_reader.dir/home/pi/pico-sdk/lib/tinyusb/src/class/cdc/cdc_device.c.o
                0x100059f0                cdcd_xfer_cb
 .text.tusb_rhport_init
                0x10005af0       0x4c CMakeFiles/mpu6050_reader.dir/home/pi/pico-sdk/lib/tinyusb/src/tusb.c.o
                0x10005af0                tusb_rhport_init
 .text.tu_edpt_claim
                0x10005b3c       0x50 CMakeFiles/mpu6050_reader.dir/home/pi/pico-sdk/lib/tinyusb/src/tusb.c.o
                0x10005b3c                tu_edpt_claim
 .text.tu_edpt_release
                0x10005b8c       0x38 CMakeFiles/mpu6050_reader.dir/home/pi/pico-sdk/lib/tinyusb/src/tusb.c.o
                0x10005b8c                tu_edpt_release
 .text.tu_edpt_validate
                0x10005bc4       0x7c CMakeFiles/mpu6050_reader.dir/home/pi/pico-sdk/lib/tinyusb/src/tusb.c.o
                0x10005bc4                tu_edpt_validate
 .text.tu_edpt_bind_driver
                0x10005c40       0x34 CMakeFiles/mpu6050_reader.dir/home/pi/pico-sdk/lib/tinyusb/src/tusb.c.o
                0x10005c40                tu_edpt_bind_driver
 .text.tu_fifo_config
                0x10005c74       0x6c CMakeFiles/mpu6050_reader.dir/home/pi/pico-sdk/lib/tinyusb/src/common/tusb_fifo.c.o
                0x10005c74                tu_fifo_config
 .text.tu_fifo_count
                0x10005ce0       0x2c CMakeFiles/mpu6050_reader.dir/home/pi/pico-sdk/lib/tinyusb/src/common/tusb_fifo.c.o
                0x10005ce0                tu_fifo_count
 .text.tu_fifo_empty
                0x10005d0c       0x10 CMakeFiles/mpu6050_reader.dir/home/pi/pico-sdk/lib/tinyusb/src/common/tusb_fifo.c.o
                0x10005d0c                tu_fifo_empty
 .text.tu_fifo_remaining
                0x10005d1c       0x2c CMakeFiles/mpu6050_reader.dir/home/pi/pico-sdk/lib/tinyusb/src/common/tusb_fifo.c.o
                0x10005d1c                tu_fifo_remaining
 .text.tu_fifo_read
                0x10005d48       0x9c CMakeFiles/mpu6050_reader.dir/home/pi/pico-sdk/lib/tinyusb/src/common/tusb_fifo.c.o
                0x10005d48                tu_fifo_read
 .text.tu_fifo_read_n
                0x10005de4       0xe8 CMakeFiles/mpu6050_reader.dir/home/pi/pico-sdk/lib/tinyusb/src/common/tusb_fifo.c.o
                0x10005de4                tu_fifo_read_n
 .text.tu_fifo_write
                0x10005ecc       0xa4 CMakeFiles/mpu6050_reader.dir/home/pi/pico-sdk/lib/tinyusb/src/common/tusb_fifo.c.o
                0x10005ecc                tu_fifo_write
 .text.tu_fifo_write_n
                0x10005f70      0x178 CMakeFiles/mpu6050_reader.dir/home/pi/pico-sdk/lib/tinyusb/src/common/tusb_fifo.c.o
                0x10005f70                tu_fifo_write_n
 .text.tu_fifo_clear
                0x100060e8       0x40 CMakeFiles/mpu6050_reader.dir/home/pi/pico-sdk/lib/tinyusb/src/common/tusb_fifo.c.o
                0x100060e8                tu_fifo_clear
 .text.tu_fifo_set_overwritable
                0x10006128       0x48 CMakeFiles/mpu6050_reader.dir/home/pi/pico-sdk/lib/tinyusb/src/common/tusb_fifo.c.o
                0x10006128                tu_fifo_set_overwritable
 .text.i2c_read_blocking_internal.constprop.0
                0x10006170       0x98 CMakeFiles/mpu6050_reader.dir/home/pi/pico-sdk/src/rp2_common/hardware_i2c/i2c.c.o
 .text.i2c_write_blocking_internal.constprop.0
                0x10006208       0xf8 CMakeFiles/mpu6050_reader.dir/home/pi/pico-sdk/src/rp2_common/hardware_i2c/i2c.c.o
 .text.i2c_set_baudrate
                0x10006300       0xc0 CMakeFiles/mpu6050_reader.dir/home/pi/pico-sdk/src/rp2_common/hardware_i2c/i2c.c.o
                0x10006300                i2c_set_baudrate
 .text.i2c_init
                0x100063c0       0x54 CMakeFiles/mpu6050_reader.dir/home/pi/pico-sdk/src/rp2_common/hardware_i2c/i2c.c.o
                0x100063c0                i2c_init
 .text.i2c_set_slave_mode
                0x10006414       0x40 CMakeFiles/mpu6050_reader.dir/home/pi/pico-sdk/src/rp2_common/hardware_i2c/i2c.c.o
                0x10006414                i2c_set_slave_mode
 .text.i2c_write_blocking
                0x10006454       0x14 CMakeFiles/mpu6050_reader.dir/home/pi/pico-sdk/src/rp2_common/hardware_i2c/i2c.c.o
                0x10006454                i2c_write_blocking
 .text.i2c_read_blocking
                0x10006468       0x14 CMakeFiles/mpu6050_reader.dir/home/pi/pico-sdk/src/rp2_common/hardware_i2c/i2c.c.o
                0x10006468                i2c_read_blocking
 .text.i2c_slave_init
                0x1000647c       0x48 CMakeFiles/mpu6050_reader.dir/home/pi/pico-sdk/src/rp2_common/pico_i2c_slave/i2c_slave.c.o
                0x1000647c                i2c_slave_init
 .text          0x100064c4       0x5c /usr/lib/gcc/arm-none-eabi/14.2.1/../../../arm-none-eabi/lib/thumb/v6-m/nofp/libg.a(libc_a-strlen-stub.o)
                0x100064c4                strlen
 .text.__stub   0x10006520       0xc0 linker stubs
 *(.fini)
 *crtbegin.o(.ctors)
 *crtbegin?.o(.ctors)
 *(EXCLUDE_FILE(*crtend.o *crtend?.o) .ctors)
 *(SORT_BY_NAME(.ctors.*))
 *(.ctors)
 *crtbegin.o(.dtors)
 *crtbegin?.o(.dtors)
 *(EXCLUDE_FILE(*crtend.o *crtend?.o) .dtors)
 *(SORT_BY_NAME(.dtors.*))
 *(.dtors)
                0x100065e0                        . = ALIGN (0x4)
                [!provide]                        PROVIDE (__bothinit_array_start = .)
                0x100065e0                        PROVIDE (__preinit_array_start = .)
 *(SORT_BY_NAME(.preinit_array.*))
 .preinit_array.00100
                0x100065e0        0x4 CMakeFiles/mpu6050_reader.dir/home/pi/pico-sdk/src/rp2_common/pico_runtime_init/runtime_init.c.o
                0x100065e0                __pre_init_runtime_init_early_resets
 .preinit_array.00101
                0x100065e4        0x4 CMakeFiles/mpu6050_reader.dir/home/pi/pico-sdk/src/rp2_common/pico_runtime_init/runtime_init.c.o
                0x100065e4                __pre_init_runtime_init_usb_power_down
 .preinit_array.00275
                0x100065e8        0x4 CMakeFiles/mpu6050_reader.dir/home/pi/pico-sdk/src/rp2_common/pico_bit_ops/bit_ops_aeabi.S.o
 .preinit_array.00300
                0x100065ec        0x4 CMakeFiles/mpu6050_reader.dir/home/pi/pico-sdk/src/rp2_common/pico_mem_ops/mem_ops_aeabi.S.o
 .preinit_array.00350
                0x100065f0        0x4 CMakeFiles/mpu6050_reader.dir/home/pi/pico-sdk/src/rp2_common/pico_double/double_aeabi_rp2040.S.o
 .preinit_array.00350
                0x100065f4        0x4 CMakeFiles/mpu6050_reader.dir/home/pi/pico-sdk/src/rp2_common/pico_float/float_aeabi_rp2040.S.o
 .preinit_array.00500
                0x100065f8        0x4 CMakeFiles/mpu6050_reader.dir/home/pi/pico-sdk/src/rp2_common/pico_runtime_init/runtime_init.c.o
                0x100065f8                __pre_init_runtime_init_clocks
 .preinit_array.00600
                0x100065fc        0x4 CMakeFiles/mpu6050_reader.dir/home/pi/pico-sdk/src/rp2_common/pico_runtime_init/runtime_init.c.o
                0x100065fc                __pre_init_runtime_init_post_clock_resets
 .preinit_array.00700
                0x10006600        0x4 CMakeFiles/mpu6050_reader.dir/home/pi/pico-sdk/src/rp2_common/pico_runtime_init/runtime_init.c.o
                0x10006600                __pre_init_runtime_init_rp2040_gpio_ie_disable
 .preinit_array.01000
                0x10006604        0x4 CMakeFiles/mpu6050_reader.dir/home/pi/pico-sdk/src/rp2_common/pico_runtime_init/runtime_init.c.o
                0x10006604                __pre_init_runtime_init_spin_locks_reset
 .preinit_array.01100
                0x10006608        0x4 CMakeFiles/mpu6050_reader.dir/home/pi/pico-sdk/src/common/pico_sync/mutex.c.o
                0x10006608                __pre_init_runtime_init_mutex
 .preinit_array.10080
                0x1000660c        0x4 CMakeFiles/mpu6050_reader.dir/home/pi/pico-sdk/src/rp2_common/pico_runtime_init/runtime_init.c.o
                0x1000660c                __pre_init_runtime_init_install_ram_vector_table
 .preinit_array.11000
                0x10006610        0x4 CMakeFiles/mpu6050_reader.dir/home/pi/pico-sdk/src/common/pico_time/time.c.o
                0x10006610                __pre_init_runtime_init_default_alarm_pool
 .preinit_array.YYYYY
                0x10006614        0x4 CMakeFiles/mpu6050_reader.dir/home/pi/pico-sdk/src/rp2_common/pico_runtime/runtime.c.o
                0x10006614                __pre_init_first_per_core_initializer
 .preinit_array.ZZZZZ.01200
                0x10006618        0x4 CMakeFiles/mpu6050_reader.dir/home/pi/pico-sdk/src/rp2_common/hardware_irq/irq.c.o
                0x10006618                __pre_init_runtime_init_per_core_irq_priorities
 *(.preinit_array)
                0x1000661c                        PROVIDE (__preinit_array_end = .)
                0x1000661c                        . = ALIGN (0x4)
                0x1000661c                        PROVIDE (__init_array_start = .)
 *(SORT_BY_NAME(.init_array.*))
 .init_array.01000
                0x1000661c        0x4 CMakeFiles/mpu6050_reader.dir/home/pi/pico-sdk/src/rp2_common/pico_unique_id/unique_id.c.o
 *(.init_array)
                0x10006620                        PROVIDE (__init_array_end = .)
                [!provide]                        PROVIDE (__bothinit_array_end = .)
                0x10006620                        . = ALIGN (0x4)
                [!provide]                        PROVIDE (__fini_array_start = .)
 *(SORT_BY_NAME(.fini_array.*))
 *(.fini_array)
                [!provide]                        PROVIDE (__fini_array_end = .)
                [!provide]                        PROVIDE (__dso_handle = 0x0)
 *(.eh_frame*)
                0x10006620                        . = ALIGN (0x4)

.glue_7         0x10006620        0x0
 .glue_7        0x10006620        0x0 linker stubs

.glue_7t        0x10006620        0x0
 .glue_7t       0x10006620        0x0 linker stubs

.vfp11_veneer   0x10006620        0x0
 .vfp11_veneer  0x10006620        0x0 linker stubs

.v4_bx          0x10006620        0x0
 .v4_bx         0x10006620        0x0 linker stubs

.iplt           0x10006620        0x0
 .iplt          0x10006620        0x0 CMakeFiles/mpu6050_reader.dir/i2c.c.o

.rodata         0x10006620      0x674
 *(EXCLUDE_FILE(*libm.a: *lib*_a-mem*.o *libc.a: *libgcc.a:) .rodata*)
 .rodata.main.str1.4
                0x10006620      0x1ec CMakeFiles/mpu6050_reader.dir/i2c.c.o
                                 0x64 (size before relaxing)
 .rodata.panic.str1.4
                0x1000680c       0x11 CMakeFiles/mpu6050_reader.dir/home/pi/pico-sdk/src/rp2_common/pico_platform_panic/panic.c.o
 .rodata.spin_lock_claim_unused.str1.4
                0x1000680c       0x1b CMakeFiles/mpu6050_reader.dir/home/pi/pico-sdk/src/rp2_common/hardware_sync/sync.c.o
 .rodata.user_irq_claim_unused.str1.4
                0x1000680c       0x1b CMakeFiles/mpu6050_reader.dir/home/pi/pico-sdk/src/rp2_common/hardware_irq/irq.c.o
 .rodata.timer_hardware_alarm_claim.str1.4
                0x1000680c       0x22 CMakeFiles/mpu6050_reader.dir/home/pi/pico-sdk/src/rp2_common/hardware_timer/timer.c.o
 .rodata.hard_assertion_failure.str1.4
                0x1000680c        0xc CMakeFiles/mpu6050_reader.dir/home/pi/pico-sdk/src/rp2_common/pico_runtime/runtime.c.o
 .rodata.missing_double_func_shim.str1.4
                0x1000680c       0x18 CMakeFiles/mpu6050_reader.dir/home/pi/pico-sdk/src/rp2_common/pico_double/double_init_rom_rp2040.c.o
 .rodata.missing_float_func_shim.str1.4
                0x1000680c        0x1 CMakeFiles/mpu6050_reader.dir/home/pi/pico-sdk/src/rp2_common/pico_float/float_init_rom_rp2040.c.o
 .rodata.str1.4
                0x1000680c       0x44 CMakeFiles/mpu6050_reader.dir/home/pi/pico-sdk/src/rp2_common/pico_standard_binary_info/standard_binary_info.c.o
 .rodata.__bi_84
                0x1000680c        0xc CMakeFiles/mpu6050_reader.dir/home/pi/pico-sdk/src/rp2_common/pico_standard_binary_info/standard_binary_info.c.o
 .rodata.__bi_78
                0x10006818        0xc CMakeFiles/mpu6050_reader.dir/home/pi/pico-sdk/src/rp2_common/pico_standard_binary_info/standard_binary_info.c.o
 .rodata.__bi_54
                0x10006824        0xc CMakeFiles/mpu6050_reader.dir/home/pi/pico-sdk/src/rp2_common/pico_standard_binary_info/standard_binary_info.c.o
 .rodata.__bi_48
                0x10006830        0xc CMakeFiles/mpu6050_reader.dir/home/pi/pico-sdk/src/rp2_common/pico_standard_binary_info/standard_binary_info.c.o
 .rodata.__bi_42
                0x1000683c        0xc CMakeFiles/mpu6050_reader.dir/home/pi/pico-sdk/src/rp2_common/pico_standard_binary_info/standard_binary_info.c.o
 .rodata.__bi_34
                0x10006848        0xc CMakeFiles/mpu6050_reader.dir/home/pi/pico-sdk/src/rp2_common/pico_standard_binary_info/standard_binary_info.c.o
 .rodata.__bi_26
                0x10006854        0xc CMakeFiles/mpu6050_reader.dir/home/pi/pico-sdk/src/rp2_common/pico_standard_binary_info/standard_binary_info.c.o
 .rodata._ftoa.str1.4
                0x10006860       0x15 CMakeFiles/mpu6050_reader.dir/home/pi/pico-sdk/src/rp2_common/pico_printf/printf.c.o
 .rodata._vsnprintf
                0x10006860      0x19c CMakeFiles/mpu6050_reader.dir/home/pi/pico-sdk/src/rp2_common/pico_printf/printf.c.o
 *fill*         0x100069fc        0x4 
 .rodata.pow10.0
                0x10006a00       0x50 CMakeFiles/mpu6050_reader.dir/home/pi/pico-sdk/src/rp2_common/pico_printf/printf.c.o
 .rodata.crlf_str.0
                0x10006a50        0x2 CMakeFiles/mpu6050_reader.dir/home/pi/pico-sdk/src/rp2_common/pico_stdio/stdio.c.o
 .rodata.str1.4
                0x10006a52       0x13 CMakeFiles/mpu6050_reader.dir/home/pi/pico-sdk/src/rp2_common/pico_stdio_usb/stdio_usb.c.o
 *fill*         0x10006a52        0x2 
 .rodata.__bi_204.0
                0x10006a54        0xc CMakeFiles/mpu6050_reader.dir/home/pi/pico-sdk/src/rp2_common/pico_stdio_usb/stdio_usb.c.o
 .rodata.str1.4
                0x10006a60       0x2a CMakeFiles/mpu6050_reader.dir/home/pi/pico-sdk/src/rp2_common/pico_stdio_usb/stdio_usb_descriptors.c.o
 .rodata.usbd_desc_str
                0x10006a60       0x18 CMakeFiles/mpu6050_reader.dir/home/pi/pico-sdk/src/rp2_common/pico_stdio_usb/stdio_usb_descriptors.c.o
 .rodata.usbd_desc_cfg
                0x10006a78       0x54 CMakeFiles/mpu6050_reader.dir/home/pi/pico-sdk/src/rp2_common/pico_stdio_usb/stdio_usb_descriptors.c.o
 .rodata.usbd_desc_device
                0x10006acc       0x12 CMakeFiles/mpu6050_reader.dir/home/pi/pico-sdk/src/rp2_common/pico_stdio_usb/stdio_usb_descriptors.c.o
 *fill*         0x10006ade        0x2 
 .rodata.desc_ms_os_20
                0x10006ae0       0xa6 CMakeFiles/mpu6050_reader.dir/home/pi/pico-sdk/src/rp2_common/pico_usb_reset/usb_reset.c.o
 *fill*         0x10006b86        0x2 
 .rodata.desc_bos
                0x10006b88       0x21 CMakeFiles/mpu6050_reader.dir/home/pi/pico-sdk/src/rp2_common/pico_usb_reset/usb_reset.c.o
                0x10006b88                desc_bos
 *fill*         0x10006ba9        0x3 
 .rodata.usb_reset_interface_driver
                0x10006bac       0x20 CMakeFiles/mpu6050_reader.dir/home/pi/pico-sdk/src/rp2_common/pico_usb_reset/usb_reset.c.o
 .rodata.str1.4
                0x10006bcc       0x14 CMakeFiles/mpu6050_reader.dir/home/pi/pico-sdk/lib/tinyusb/src/portable/raspberrypi/rp2040/dcd_rp2040.c.o
 .rodata.str1.4
                0x10006bcc       0x48 CMakeFiles/mpu6050_reader.dir/home/pi/pico-sdk/lib/tinyusb/src/portable/raspberrypi/rp2040/rp2040_usb.c.o
 .rodata.tud_task_ext
                0x10006bcc       0x8c CMakeFiles/mpu6050_reader.dir/home/pi/pico-sdk/lib/tinyusb/src/device/usbd.c.o
 .rodata        0x10006c58       0x1c CMakeFiles/mpu6050_reader.dir/home/pi/pico-sdk/lib/tinyusb/src/device/usbd.c.o
 .rodata._usbd_driver
                0x10006c74       0x20 CMakeFiles/mpu6050_reader.dir/home/pi/pico-sdk/lib/tinyusb/src/device/usbd.c.o
 *(.srodata*)
                0x10006c94                        . = ALIGN (0x4)
 *(SORT_BY_ALIGNMENT(SORT_BY_NAME(.flashdata*)))
                0x10006c94                        . = ALIGN (0x4)

.ARM.extab
 *(.ARM.extab* .gnu.linkonce.armextab.*)
                0x10006c94                        __exidx_start = .

.ARM.exidx
 *(.ARM.exidx* .gnu.linkonce.armexidx.*)
                0x10006c94                        __exidx_end = .
                0x10006c94                        . = ALIGN (0x4)
                0x10006c94                        __binary_info_start = .

.binary_info    0x10006c94       0x20
 *(.binary_info.keep.*)
 .binary_info.keep.__bi_ptr84
                0x10006c94        0x4 CMakeFiles/mpu6050_reader.dir/home/pi/pico-sdk/src/rp2_common/pico_standard_binary_info/standard_binary_info.c.o
 .binary_info.keep.__bi_ptr78
                0x10006c98        0x4 CMakeFiles/mpu6050_reader.dir/home/pi/pico-sdk/src/rp2_common/pico_standard_binary_info/standard_binary_info.c.o
 .binary_info.keep.__bi_ptr54
                0x10006c9c        0x4 CMakeFiles/mpu6050_reader.dir/home/pi/pico-sdk/src/rp2_common/pico_standard_binary_info/standard_binary_info.c.o
 .binary_info.keep.__bi_ptr48
                0x10006ca0        0x4 CMakeFiles/mpu6050_reader.dir/home/pi/pico-sdk/src/rp2_common/pico_standard_binary_info/standard_binary_info.c.o
 .binary_info.keep.__bi_ptr42
                0x10006ca4        0x4 CMakeFiles/mpu6050_reader.dir/home/pi/pico-sdk/src/rp2_common/pico_standard_binary_info/standard_binary_info.c.o
 .binary_info.keep.__bi_ptr34
                0x10006ca8        0x4 CMakeFiles/mpu6050_reader.dir/home/pi/pico-sdk/src/rp2_common/pico_standard_binary_info/standard_binary_info.c.o
 .binary_info.keep.__bi_ptr26
                0x10006cac        0x4 CMakeFiles/mpu6050_reader.dir/home/pi/pico-sdk/src/rp2_common/pico_standard_binary_info/standard_binary_info.c.o
 *(.binary_info.*)
 .binary_info.__bi_ptr204
                0x10006cb0        0x4 CMakeFiles/mpu6050_reader.dir/home/pi/pico-sdk/src/rp2_common/pico_stdio_usb/stdio_usb.c.o
                0x10006cb4                        __binary_info_end = .
                0x10006cb4                        . = ALIGN (0x4)

.xip_ram        0x15000000        0x0 load address 0x10006cb4
                0x15000000                        __xip_ram_start__ = .
                0x15000000                        . = ALIGN (0x4)
 *(.xip_ram*)
                0x15000000                        . = ALIGN (0x4)
                0x15000000                        __xip_ram_end__ = .
                0x10006cb4                        __xip_ram_source__ = LOADADDR (.xip_ram)

.ram_vector_table
                0x20000000       0xc0
 *(.ram_vector_table)
 .ram_vector_table
                0x20000000       0xc0 CMakeFiles/mpu6050_reader.dir/home/pi/pico-sdk/src/rp2_common/pico_runtime_init/runtime_init.c.o
                0x20000000                ram_vector_table

.uninitialized_data
                0x200000c0        0x0
                0x200000c0                        . = ALIGN (0x4)
 *(.uninitialized_data*)

.data           0x200000c0     0x1070 load address 0x10006cb4
                0x200000c0                        __data_start__ = .
 *(vtable)
 *(.time_critical*)
 .time_critical.mutex_try_enter
                0x200000c0       0x40 CMakeFiles/mpu6050_reader.dir/home/pi/pico-sdk/src/common/pico_sync/mutex.c.o
                0x200000c0                mutex_try_enter
 .time_critical.mutex_enter_block_until
                0x20000100       0x70 CMakeFiles/mpu6050_reader.dir/home/pi/pico-sdk/src/common/pico_sync/mutex.c.o
                0x20000100                mutex_enter_block_until
 .time_critical.mutex_try_enter_block_until
                0x20000170       0x34 CMakeFiles/mpu6050_reader.dir/home/pi/pico-sdk/src/common/pico_sync/mutex.c.o
                0x20000170                mutex_try_enter_block_until
 .time_critical.mutex_enter_timeout_ms
                0x200001a4       0x3c CMakeFiles/mpu6050_reader.dir/home/pi/pico-sdk/src/common/pico_sync/mutex.c.o
                0x200001a4                mutex_enter_timeout_ms
 .time_critical.mutex_exit
                0x200001e0       0x28 CMakeFiles/mpu6050_reader.dir/home/pi/pico-sdk/src/common/pico_sync/mutex.c.o
                0x200001e0                mutex_exit
 .time_critical.flash_init_boot2_copyout
                0x20000208       0x30 CMakeFiles/mpu6050_reader.dir/home/pi/pico-sdk/src/rp2_common/hardware_flash/flash.c.o
 .time_critical.flash_enable_xip_via_boot2
                0x20000238        0xc CMakeFiles/mpu6050_reader.dir/home/pi/pico-sdk/src/rp2_common/hardware_flash/flash.c.o
 .time_critical.flash_save_hardware_state
                0x20000244       0x28 CMakeFiles/mpu6050_reader.dir/home/pi/pico-sdk/src/rp2_common/hardware_flash/flash.c.o
 .time_critical.flash_restore_hardware_state
                0x2000026c       0x28 CMakeFiles/mpu6050_reader.dir/home/pi/pico-sdk/src/rp2_common/hardware_flash/flash.c.o
 .time_critical.flash_do_cmd_cs
                0x20000294      0x160 CMakeFiles/mpu6050_reader.dir/home/pi/pico-sdk/src/rp2_common/hardware_flash/flash.c.o
                0x20000294                flash_do_cmd_cs
 .time_critical.reset_non_control_endpoints
                0x200003f4       0x68 CMakeFiles/mpu6050_reader.dir/home/pi/pico-sdk/lib/tinyusb/src/portable/raspberrypi/rp2040/dcd_rp2040.c.o
 .time_critical.hw_handle_buff_status
                0x2000045c       0xa0 CMakeFiles/mpu6050_reader.dir/home/pi/pico-sdk/lib/tinyusb/src/portable/raspberrypi/rp2040/dcd_rp2040.c.o
 .time_critical.dcd_rp2040_irq
                0x200004fc      0x548 CMakeFiles/mpu6050_reader.dir/home/pi/pico-sdk/lib/tinyusb/src/portable/raspberrypi/rp2040/dcd_rp2040.c.o
 .time_critical.prepare_ep_buffer
                0x20000a44       0xc8 CMakeFiles/mpu6050_reader.dir/home/pi/pico-sdk/lib/tinyusb/src/portable/raspberrypi/rp2040/rp2040_usb.c.o
 .time_critical.sync_ep_buffer
                0x20000b0c       0x9c CMakeFiles/mpu6050_reader.dir/home/pi/pico-sdk/lib/tinyusb/src/portable/raspberrypi/rp2040/rp2040_usb.c.o
 .time_critical._hw_endpoint_xfer_sync
                0x20000ba8       0x28 CMakeFiles/mpu6050_reader.dir/home/pi/pico-sdk/lib/tinyusb/src/portable/raspberrypi/rp2040/rp2040_usb.c.o
 .time_critical.e15_is_bulkin_ep
                0x20000bd0       0x28 CMakeFiles/mpu6050_reader.dir/home/pi/pico-sdk/lib/tinyusb/src/portable/raspberrypi/rp2040/rp2040_usb.c.o
 .time_critical.e15_is_critical_frame_period
                0x20000bf8       0x34 CMakeFiles/mpu6050_reader.dir/home/pi/pico-sdk/lib/tinyusb/src/portable/raspberrypi/rp2040/rp2040_usb.c.o
 .time_critical.hw_endpoint_reset_transfer
                0x20000c2c        0xc CMakeFiles/mpu6050_reader.dir/home/pi/pico-sdk/lib/tinyusb/src/portable/raspberrypi/rp2040/rp2040_usb.c.o
                0x20000c2c                hw_endpoint_reset_transfer
 .time_critical._hw_endpoint_buffer_control_update32
                0x20000c38       0x50 CMakeFiles/mpu6050_reader.dir/home/pi/pico-sdk/lib/tinyusb/src/portable/raspberrypi/rp2040/rp2040_usb.c.o
                0x20000c38                _hw_endpoint_buffer_control_update32
 .time_critical.hw_endpoint_start_next_buffer
                0x20000c88       0x68 CMakeFiles/mpu6050_reader.dir/home/pi/pico-sdk/lib/tinyusb/src/portable/raspberrypi/rp2040/rp2040_usb.c.o
                0x20000c88                hw_endpoint_start_next_buffer
 .time_critical.hw_endpoint_xfer_continue
                0x20000cf0       0x40 CMakeFiles/mpu6050_reader.dir/home/pi/pico-sdk/lib/tinyusb/src/portable/raspberrypi/rp2040/rp2040_usb.c.o
                0x20000cf0                hw_endpoint_xfer_continue
 .time_critical.tinyusb
                0x20000d30      0x1e0 CMakeFiles/mpu6050_reader.dir/home/pi/pico-sdk/lib/tinyusb/src/device/usbd.c.o
                0x20000d30                dcd_event_handler
 .time_critical.i2c_slave_irq_handler
                0x20000f10       0xa4 CMakeFiles/mpu6050_reader.dir/home/pi/pico-sdk/src/rp2_common/pico_i2c_slave/i2c_slave.c.o
 *(.text*)
 .text          0x20000fb4        0x4 /usr/lib/gcc/arm-none-eabi/14.2.1/thumb/v6-m/nofp/libgcc.a(_dvmd_tls.o)
                0x20000fb4                __aeabi_ldiv0
                0x20000fb4                __aeabi_idiv0
 .text.__stub   0x20000fb8       0x80 linker stubs
                0x20001038                        . = ALIGN (0x4)
 *(.rodata*)
                0x20001038                        . = ALIGN (0x4)
                [!provide]                        PROVIDE (__emutls_array_start = .)
 *(.*.__emutls_v.*)
                [!provide]                        PROVIDE (__emutls_array_end = .)
                0x20001038                        . = ALIGN (0x4)
 *(.data*)
 .data.striped_spin_lock_num
                0x20001038        0x1 CMakeFiles/mpu6050_reader.dir/home/pi/pico-sdk/src/rp2_common/hardware_sync/sync.c.o
 *fill*         0x20001039        0x3 
 .data          0x2000103c       0x60 CMakeFiles/mpu6050_reader.dir/home/pi/pico-sdk/src/rp2_common/hardware_irq/irq_handler_chain.S.o
                0x2000103c                irq_handler_chain_slots
                0x20001084                irq_handler_chain_first_slot
                0x2000108e                irq_handler_chain_remove_tail
 *fill*         0x2000109c        0x4 
 .data.last_added.0
                0x200010a0        0x8 CMakeFiles/mpu6050_reader.dir/home/pi/pico-sdk/src/common/pico_time/time.c.o
 .data.default_alarm_pool
                0x200010a8       0x18 CMakeFiles/mpu6050_reader.dir/home/pi/pico-sdk/src/common/pico_time/time.c.o
 .data.aeabi_bits_funcs
                0x200010c0       0x10 CMakeFiles/mpu6050_reader.dir/home/pi/pico-sdk/src/rp2_common/pico_bit_ops/bit_ops_aeabi.S.o
                0x200010c0                aeabi_bits_funcs
                0x200010d0                aeabi_bits_funcs_end
 .data.aeabi_mem_funcs
                0x200010d0       0x10 CMakeFiles/mpu6050_reader.dir/home/pi/pico-sdk/src/rp2_common/pico_mem_ops/mem_ops_aeabi.S.o
                0x200010d0                aeabi_mem_funcs
                0x200010e0                aeabi_mem_funcs_end
 .data.stdio_usb
                0x200010e0       0x18 CMakeFiles/mpu6050_reader.dir/home/pi/pico-sdk/src/rp2_common/pico_stdio_usb/stdio_usb.c.o
                0x200010e0                stdio_usb
 .data._usbd_qdef
                0x200010f8       0x1c CMakeFiles/mpu6050_reader.dir/home/pi/pico-sdk/lib/tinyusb/src/device/usbd.c.o
                0x200010f8                _usbd_qdef
 .data._usbd_rhport
                0x20001114        0x1 CMakeFiles/mpu6050_reader.dir/home/pi/pico-sdk/lib/tinyusb/src/device/usbd.c.o
 *fill*         0x20001115        0x3 
 .data.i2c1_inst
                0x20001118        0x8 CMakeFiles/mpu6050_reader.dir/home/pi/pico-sdk/src/rp2_common/hardware_i2c/i2c.c.o
                0x20001118                i2c1_inst
 .data.i2c0_inst
                0x20001120        0x8 CMakeFiles/mpu6050_reader.dir/home/pi/pico-sdk/src/rp2_common/hardware_i2c/i2c.c.o
                0x20001120                i2c0_inst
 *(.sdata*)
                0x20001128                        . = ALIGN (0x4)
 *(.after_data.*)
                0x20001128                        . = ALIGN (0x4)
                0x20001128                        PROVIDE (__mutex_array_start = .)
 *(SORT_BY_NAME(.mutex_array.*))
 *(.mutex_array)
 .mutex_array   0x20001128        0x8 CMakeFiles/mpu6050_reader.dir/home/pi/pico-sdk/src/rp2_common/pico_stdio/stdio.c.o
                0x20001130                        PROVIDE (__mutex_array_end = .)
 *(.jcr)
                0x20001130                        . = ALIGN (0x4)

.igot.plt       0x20001130        0x0 load address 0x10007d24
 .igot.plt      0x20001130        0x0 CMakeFiles/mpu6050_reader.dir/i2c.c.o

.tdata          0x20001130        0x0 load address 0x10007d24
                0x20001130                        . = ALIGN (0x4)
 *(.tdata .tdata.* .gnu.linkonce.td.*)
                0x20001130                        __tdata_end = .
                0x20001130                        PROVIDE (__data_end__ = .)
                0x10006cb4                        __etext = LOADADDR (.data)
                0x20001130                        . = ALIGN (0x4)

.tbss           0x20001130        0x0 load address 0x10007d24
                0x20001130                        __bss_start__ = .
                0x20001130                        __tls_base = .
 *(.tbss .tbss.* .gnu.linkonce.tb.*)
 *(.tcommon)
                0x20001130                        . = ALIGN (0x4)
                0x20001130                        __tls_end = .

.tbss_space     0x20001130        0x0 load address 0x10007d24
                0x20001130                        . = (__bss_start__ + SIZEOF (.tbss))

.bss            0x20001130      0xc34 load address 0x10007d24
                0x20001130                        . = ALIGN (0x4)
                0x20001130                        __tbss_end = .
 *(SORT_BY_ALIGNMENT(SORT_BY_NAME(.bss*)))
 .bss.default_alarm_pool_entries
                0x20001130      0x180 CMakeFiles/mpu6050_reader.dir/home/pi/pico-sdk/src/common/pico_time/time.c.o
 .bss.last_avail_time.1
                0x200012b0        0x8 CMakeFiles/mpu6050_reader.dir/home/pi/pico-sdk/src/rp2_common/pico_stdio_usb/stdio_usb.c.o
 .bss.sd_table  0x200012b8      0x100 CMakeFiles/mpu6050_reader.dir/home/pi/pico-sdk/src/rp2_common/pico_double/double_init_rom_rp2040.c.o
                0x200012b8                sd_table
 .bss._app_driver
                0x200013b8        0x4 CMakeFiles/mpu6050_reader.dir/home/pi/pico-sdk/lib/tinyusb/src/device/usbd.c.o
 .bss._cdcd_epbuf
                0x200013bc       0x80 CMakeFiles/mpu6050_reader.dir/home/pi/pico-sdk/lib/tinyusb/src/class/cdc/cdc_device.c.o
 .bss._cdcd_fifo_cfg
                0x2000143c        0x1 CMakeFiles/mpu6050_reader.dir/home/pi/pico-sdk/lib/tinyusb/src/class/cdc/cdc_device.c.o
 *fill*         0x2000143d        0x3 
 .bss._cdcd_itf
                0x20001440       0xc8 CMakeFiles/mpu6050_reader.dir/home/pi/pico-sdk/lib/tinyusb/src/class/cdc/cdc_device.c.o
 .bss._ctrl_epbuf
                0x20001508       0x40 CMakeFiles/mpu6050_reader.dir/home/pi/pico-sdk/lib/tinyusb/src/device/usbd_control.c.o
 .bss._ctrl_xfer
                0x20001548       0x14 CMakeFiles/mpu6050_reader.dir/home/pi/pico-sdk/lib/tinyusb/src/device/usbd_control.c.o
 .bss._tusb_rhport_role
                0x2000155c        0x2 CMakeFiles/mpu6050_reader.dir/home/pi/pico-sdk/lib/tinyusb/src/tusb.c.o
                0x2000155c                _tusb_rhport_role
 *fill*         0x2000155e        0x2 
 .bss._ubsd_mutexdef
                0x20001560        0x8 CMakeFiles/mpu6050_reader.dir/home/pi/pico-sdk/lib/tinyusb/src/device/usbd.c.o
 .bss._usbd_dev
                0x20001568       0x54 CMakeFiles/mpu6050_reader.dir/home/pi/pico-sdk/lib/tinyusb/src/device/usbd.c.o
 .bss._usbd_mutex
                0x200015bc        0x4 CMakeFiles/mpu6050_reader.dir/home/pi/pico-sdk/lib/tinyusb/src/device/usbd.c.o
 .bss._usbd_q   0x200015c0        0x4 CMakeFiles/mpu6050_reader.dir/home/pi/pico-sdk/lib/tinyusb/src/device/usbd.c.o
 .bss._usbd_qdef_buf
                0x200015c4       0xc0 CMakeFiles/mpu6050_reader.dir/home/pi/pico-sdk/lib/tinyusb/src/device/usbd.c.o
                0x200015c4                _usbd_qdef_buf
 .bss.boot2_copyout
                0x20001684      0x100 CMakeFiles/mpu6050_reader.dir/home/pi/pico-sdk/src/rp2_common/hardware_flash/flash.c.o
 .bss.chars_available_callback
                0x20001784        0x4 CMakeFiles/mpu6050_reader.dir/home/pi/pico-sdk/src/rp2_common/pico_stdio_usb/stdio_usb.c.o
 .bss.chars_available_param
                0x20001788        0x4 CMakeFiles/mpu6050_reader.dir/home/pi/pico-sdk/src/rp2_common/pico_stdio_usb/stdio_usb.c.o
 .bss.claimed   0x2000178c        0x4 CMakeFiles/mpu6050_reader.dir/home/pi/pico-sdk/src/rp2_common/hardware_sync/sync.c.o
 .bss.claimed   0x20001790        0x1 CMakeFiles/mpu6050_reader.dir/home/pi/pico-sdk/src/rp2_common/hardware_timer/timer.c.o
 *fill*         0x20001791        0x3 
 .bss.configured_freq
                0x20001794       0x28 CMakeFiles/mpu6050_reader.dir/home/pi/pico-sdk/src/rp2_common/hardware_clocks/clocks.c.o
 .bss.desc_str.0
                0x200017bc       0x28 CMakeFiles/mpu6050_reader.dir/home/pi/pico-sdk/src/rp2_common/pico_stdio_usb/stdio_usb_descriptors.c.o
 .bss.drivers   0x200017e4        0x4 CMakeFiles/mpu6050_reader.dir/home/pi/pico-sdk/src/rp2_common/pico_stdio/stdio.c.o
 .bss.e15_last_sof
                0x200017e8        0x4 CMakeFiles/mpu6050_reader.dir/home/pi/pico-sdk/lib/tinyusb/src/portable/raspberrypi/rp2040/rp2040_usb.c.o
                0x200017e8                e15_last_sof
 .bss.filter    0x200017ec        0x4 CMakeFiles/mpu6050_reader.dir/home/pi/pico-sdk/src/rp2_common/pico_stdio/stdio.c.o
 .bss.hw_endpoints
                0x200017f0      0x400 CMakeFiles/mpu6050_reader.dir/home/pi/pico-sdk/lib/tinyusb/src/portable/raspberrypi/rp2040/dcd_rp2040.c.o
 .bss.i2c_slaves
                0x20001bf0       0x10 CMakeFiles/mpu6050_reader.dir/home/pi/pico-sdk/src/rp2_common/pico_i2c_slave/i2c_slave.c.o
 .bss.lazy_vsnprintf
                0x20001c00        0x4 CMakeFiles/mpu6050_reader.dir/home/pi/pico-sdk/src/rp2_common/pico_printf/printf.c.o
 .bss.load_value
                0x20001c04        0x4 CMakeFiles/mpu6050_reader.dir/home/pi/pico-sdk/src/rp2_common/hardware_watchdog/watchdog.c.o
 .bss.next_buffer_ptr
                0x20001c08        0x4 CMakeFiles/mpu6050_reader.dir/home/pi/pico-sdk/lib/tinyusb/src/portable/raspberrypi/rp2040/dcd_rp2040.c.o
 .bss.one_shot_timer_crit_sec
                0x20001c0c        0x8 CMakeFiles/mpu6050_reader.dir/home/pi/pico-sdk/src/rp2_common/pico_stdio_usb/stdio_usb.c.o
 .bss.pools     0x20001c14       0x10 CMakeFiles/mpu6050_reader.dir/home/pi/pico-sdk/src/common/pico_time/time.c.o
 .bss.retrieved_id
                0x20001c24        0x8 CMakeFiles/mpu6050_reader.dir/home/pi/pico-sdk/src/rp2_common/pico_unique_id/unique_id.c.o
 .bss.sf_clz_func
                0x20001c2c        0x4 CMakeFiles/mpu6050_reader.dir/home/pi/pico-sdk/src/rp2_common/pico_double/double_init_rom_rp2040.c.o
                0x20001c2c                sf_clz_func
 .bss.sf_table  0x20001c30      0x100 CMakeFiles/mpu6050_reader.dir/home/pi/pico-sdk/src/rp2_common/pico_float/float_init_rom_rp2040.c.o
                0x20001c30                sf_table
 .bss.shared_buffer
                0x20001d30        0x6 CMakeFiles/mpu6050_reader.dir/i2c.c.o
 *fill*         0x20001d36        0x2 
 .bss.sleep_notifier
                0x20001d38        0x4 CMakeFiles/mpu6050_reader.dir/home/pi/pico-sdk/src/common/pico_time/time.c.o
 .bss.stdio_usb_mutex
                0x20001d3c        0x8 CMakeFiles/mpu6050_reader.dir/home/pi/pico-sdk/src/rp2_common/pico_stdio_usb/stdio_usb.c.o
 .bss.tx_index  0x20001d44        0x4 CMakeFiles/mpu6050_reader.dir/i2c.c.o
 .bss.usbd_serial_str
                0x20001d48       0x11 CMakeFiles/mpu6050_reader.dir/home/pi/pico-sdk/src/rp2_common/pico_stdio_usb/stdio_usb_descriptors.c.o
 .bss._app_driver_count
                0x20001d59        0x1 CMakeFiles/mpu6050_reader.dir/home/pi/pico-sdk/lib/tinyusb/src/device/usbd.c.o
 .bss._sof_enable
                0x20001d5a        0x1 CMakeFiles/mpu6050_reader.dir/home/pi/pico-sdk/lib/tinyusb/src/portable/raspberrypi/rp2040/dcd_rp2040.c.o
 .bss._usbd_queued_setup
                0x20001d5b        0x1 CMakeFiles/mpu6050_reader.dir/home/pi/pico-sdk/lib/tinyusb/src/device/usbd.c.o
 .bss.boot2_copyout_valid
                0x20001d5c        0x1 CMakeFiles/mpu6050_reader.dir/home/pi/pico-sdk/src/rp2_common/hardware_flash/flash.c.o
 .bss.irq_handler_chain_free_slot_head
                0x20001d5d        0x1 CMakeFiles/mpu6050_reader.dir/home/pi/pico-sdk/src/rp2_common/hardware_irq/irq.c.o
 .bss.itf_num   0x20001d5e        0x1 CMakeFiles/mpu6050_reader.dir/home/pi/pico-sdk/src/rp2_common/pico_usb_reset/usb_reset.c.o
 .bss.low_priority_irq_num
                0x20001d5f        0x1 CMakeFiles/mpu6050_reader.dir/home/pi/pico-sdk/src/rp2_common/pico_stdio_usb/stdio_usb.c.o
 .bss.one_shot_timer_pending
                0x20001d60        0x1 CMakeFiles/mpu6050_reader.dir/home/pi/pico-sdk/src/rp2_common/pico_stdio_usb/stdio_usb.c.o
 .bss.user_irq_claimed
                0x20001d61        0x1 CMakeFiles/mpu6050_reader.dir/home/pi/pico-sdk/src/rp2_common/hardware_irq/irq.c.o
 *(COMMON)
                [!provide]                        PROVIDE (__global_pointer$ = (. + 0x800))
 *(.sbss*)
                0x20001d64                        . = ALIGN (0x4)
 *fill*         0x20001d62        0x2 
                0x20001d64                        __bss_end__ = .
                [!provide]                        PROVIDE (__tls_start = SIZEOF (.tdata)?ADDR (.tdata):ADDR (.tbss))
                [!provide]                        PROVIDE (__tls_size = (__tls_end - __tls_start))
                0x00000001                        PROVIDE (__tls_align = MAX (ALIGNOF (.tdata), ALIGNOF (.tbss)))
                [!provide]                        PROVIDE (__tls_size_align = ALIGN (__tls_size, __tls_align))
                0x00000008                        PROVIDE (__arm32_tls_tcb_offset = MAX (0x8, __tls_align))
                0x00000000                        PROVIDE (__tdata_size = SIZEOF (.tdata))
                0x10007d24                        PROVIDE (__tdata_source = LOADADDR (.tdata))
                0x00000000                        PROVIDE (__tbss_size = SIZEOF (.tbss))
                [!provide]                        PROVIDE (__tbss_offset = (ADDR (.tbss) - __tls_start))

.tlsX_not_needed_marker
 *(.tlsX_not_needed_marker)
                [!provide]                        PROVIDE (__tlsX_align = (SIZEOF (.tlsX_not_needed_marker) > 0x0)?0x4:__tls_align)
                [!provide]                        PROVIDE (__tlsX_size_align = (SIZEOF (.tlsX_not_needed_marker) > 0x0)?0x0:__tls_size_align)
                0x20001130                        __tls_start = DEFINED (__tls_start)?__tls_start:SIZEOF (.tdata)?ADDR (.tdata):ADDR (.tbss)
                0x00000000                        __tls_size = DEFINED (__tls_size)?__tls_size:(__tls_end - __tls_start)
                0x00000001                        __tls_align = DEFINED (__tls_align)?__tls_align:MAX (ALIGNOF (.tdata), ALIGNOF (.tbss))
                0x00000000                        __tls_size_align = DEFINED (__tls_size_align)?__tls_size_align:ALIGN (__tls_size, __tls_align)
                0x00000008                        __arm32_tls_tcb_offset = DEFINED (__arm32_tls_tcb_offset)?__arm32_tls_tcb_offset:MAX (0x8, __tls_align)
                0x00000000                        __tdata_size = DEFINED (__tdata_size)?__tdata_size:SIZEOF (.tdata)
                0x10007d24                        __tdata_source = DEFINED (__tdata_source)?__tdata_source:LOADADDR (.tdata)
                0x00000000                        __tbss_size = DEFINED (__tbss_size)?__tbss_size:SIZEOF (.tbss)
                0x00000000                        __tbss_offset = DEFINED (__tbss_offset)?__tbss_offset:(ADDR (.tbss) - __tls_start)
                0x00000001                        __tlsX_align = DEFINED (__tlsX_align)?__tlsX_align:(SIZEOF (.tlsX_not_needed_marker) > 0x0)?0x4:__tls_align
                0x00000000                        __tlsX_size_align = DEFINED (__tlsX_size_align)?__tlsX_size_align:(SIZEOF (.tlsX_not_needed_marker) > 0x0)?0x0:__tls_size_align

.tls0           0x20001d64        0x0 load address 0x10007d24
                0x20001d64                        . = ALIGN (__tlsX_align)
                0x20001d64                        PROVIDE (__tls0_base = .)
                0x20001d64                        . = (. + __tlsX_size_align)

.tls1           0x20001d64        0x0 load address 0x10007d24
                0x20001d64                        . = ALIGN (__tlsX_align)
                0x20001d64                        PROVIDE (__tls1_base = .)
                0x20001d64                        . = (. + __tlsX_size_align)

.persistent_data
                0x20001d64        0x0 load address 0x10007d24
                0x20001d64                        __persistent_data_start__ = .
 *(.persistent_data*)
                0x20001d64                        . = ALIGN (0x4)